  CHK     include/config/kernel.release
  CHK     include/generated/uapi/linux/version.h
  CHK     include/generated/utsrelease.h
  CALL    scripts/checksyscalls.sh
  CHK     include/generated/compile.h
kernel/Makefile:133: *** No X.509 certificates found ***
  CHK     kernel/config_data.h
  CC      drivers/block/brd.o
  LD      firmware/built-in.o
  CC      drivers/base/power/wakeup.o
  CC      drivers/block/loop.o
  CC      net/socket.o
  CC      drivers/base/dma-removed.o
  CC      drivers/bluetooth/bluetooth-power.o
  LD      arch/arm64/lib/built-in.o
  AS      arch/arm64/lib/bitops.o
  AS      arch/arm64/lib/clear_page.o
  AS      arch/arm64/lib/clear_user.o
  AS      arch/arm64/lib/copy_from_user.o
  AS      arch/arm64/lib/copy_in_user.o
  AS      arch/arm64/lib/copy_page.o
  AS      arch/arm64/lib/copy_to_user.o
  CC      drivers/block/zram/zcomp_lzo.o
  CC      arch/arm64/lib/delay.o
  LD      drivers/bluetooth/built-in.o
  LD      drivers/bus/built-in.o
  LD      drivers/cdrom/built-in.o
  CC      drivers/block/zram/zcomp.o
  CC      drivers/char/mem.o
  AS      arch/arm64/lib/memchr.o
  CC      lib/lockref.o
  AS      arch/arm64/lib/memcmp.o
  CC      drivers/block/zram/zram_drv.o
  LD      drivers/base/power/built-in.o
  CC      drivers/base/firmware_class.o
  AS      arch/arm64/lib/memcpy.o
  AS      arch/arm64/lib/memmove.o
  AS      arch/arm64/lib/memset.o
  CC      drivers/char/random.o
  CC      lib/bcd.o
  AS      arch/arm64/lib/strchr.o
  AS      arch/arm64/lib/strcmp.o
  CC      lib/div64.o
  AS      arch/arm64/lib/strlen.o
  AS      arch/arm64/lib/strncmp.o
  LD      drivers/firmware/efi/libstub/built-in.o
  CC      drivers/firmware/efi/libstub/arm-stub.o
  AS      arch/arm64/lib/strnlen.o
  CC      lib/sort.o
  AS      arch/arm64/lib/strrchr.o
  CC      drivers/char/misc.o
  AR      arch/arm64/lib/lib.a
  DTC     arch/arm64/boot/dts/qcom/msm8940-0061.dtb
  CC      drivers/firmware/efi/libstub/efi-stub-helper.o
  CC      lib/parser.o
  LD      drivers/block/zram/zram.o
  LD      drivers/block/zram/built-in.o
  CC      lib/halfmd4.o
  LD      drivers/block/built-in.o
  CC      drivers/clk/clk-devres.o
  CC      drivers/clk/clkdev.o
  CC      lib/debug_locks.o
  CC      drivers/firmware/efi/libstub/fdt.o
  CC      drivers/base/module.o
  CC      lib/random32.o
  CC      lib/bust_spinlocks.o
  CC      net/802/p8022.o
  CC      drivers/clk/clk.o
  CC      drivers/base/soc.o
  AR      drivers/firmware/efi/libstub/lib.a
  CC      drivers/base/pinctrl.o
  CC      drivers/base/devcoredump.o
  CC      drivers/clk/msm/clock.o
  CC      lib/hexdump.o
  CC      drivers/char/msm_smd_pkt.o
  LD      drivers/char/agp/built-in.o
  CC      drivers/char/diag/diagchar_core.o
  CC      drivers/char/hw_random/core.o
  CC      lib/kasprintf.o
  CC      lib/bitmap.o
  CC      net/802/psnap.o
  LD      drivers/base/built-in.o
  CC      net/802/stp.o
  CC      lib/scatterlist.o
  CC      lib/gcd.o
  CC      drivers/char/hw_random/msm_rng.o
  CC      lib/lcm.o
  CC      drivers/char/adsprpc.o
  CC      lib/list_sort.o
  CC      drivers/clk/msm/clock-dummy.o
  CC      drivers/char/adsprpc_compat.o
  CC      lib/uuid.o
  LD      net/802/built-in.o
  CC      net/bluetooth/af_bluetooth.o
  CC      lib/flex_array.o
  LD      drivers/char/hw_random/rng-core.o
  LD      drivers/char/hw_random/built-in.o
  CC [M]  drivers/char/rdbg.o
  CC      drivers/clk/msm/clock-generic.o
  CC      lib/iovec.o
  CC      drivers/clocksource/clksrc-of.o
  CC      drivers/clocksource/arm_arch_timer.o
  CC      lib/clz_ctz.o
  CC      drivers/char/diag/diagchar_hdlc.o
  CC      lib/bsearch.o
  CC      lib/find_last_bit.o
  CC      lib/find_next_bit.o
  CC      lib/llist.o
  CC      lib/memweight.o
  CC      drivers/clk/msm/clock-local2.o
  CC      drivers/char/diag/diagfwd.o
  CC      drivers/char/diag/diagfwd_peripheral.o
  CC      lib/kfifo.o
  CC      lib/percpu-refcount.o
  CC      drivers/clocksource/dummy_timer.o
  CC      net/bluetooth/hci_core.o
  CC      net/bluetooth/hci_conn.o
  LD      drivers/clocksource/built-in.o
  CC      drivers/cpufreq/cpufreq.o
  CC      lib/percpu_ida.o
  CC      drivers/char/diag/diagfwd_smd.o
  CC      lib/hash.o
  CC      drivers/char/diag/diagfwd_socket.o
  CC      lib/rhashtable.o
  CC      lib/reciprocal_div.o
  CC      drivers/clk/msm/clock-pll.o
  CC      drivers/char/diag/diag_mux.o
  CC      lib/string_helpers.o
  CC      lib/kstrtox.o
  CC      lib/iomap.o
  CC      drivers/char/diag/diag_memorydevice.o
  CC      drivers/char/diag/diag_usb.o
  CC      lib/pci_iomap.o
  CC      net/bluetooth/hci_event.o
  CC      drivers/clk/msm/clock-alpha-pll.o
  CC      drivers/char/diag/diagmem.o
  CC      lib/iomap_copy.o
  CC      drivers/char/diag/diagfwd_cntl.o
  CC      lib/devres.o
  CC      drivers/cpufreq/freq_table.o
  CC      drivers/char/diag/diag_dci.o
  CC      lib/hweight.o
  CC      drivers/clk/msm/clock-rpm.o
  CC      lib/assoc_array.o
  CC      drivers/cpufreq/cpufreq_stats.o
  CC      drivers/clk/msm/clock-voter.o
  CC      lib/smp_processor_id.o
  CC      drivers/char/diag/diag_masks.o
  CC      lib/bitrev.o
  CC      drivers/clk/msm/clock-pm.o
  CC      lib/crc-ccitt.o
  CC      net/bluetooth/mgmt.o
  CC      lib/crc16.o
  CC      drivers/char/diag/diag_debugfs.o
  CC      drivers/clk/msm/msm-clock-controller.o
  CC      drivers/cpufreq/cpufreq_performance.o
  CC      drivers/cpufreq/cpufreq_powersave.o
  CC      drivers/cpufreq/cpufreq_userspace.o
  HOSTCC  lib/gen_crc32table
  CC      drivers/cpufreq/cpufreq_ondemand.o
  CC      lib/libcrc32c.o
  CC      lib/genalloc.o
  LD      drivers/char/diag/diagchar.o
  LD      drivers/char/diag/built-in.o
  LD      drivers/char/built-in.o
  CC      drivers/cpufreq/cpufreq_conservative.o
  CC      drivers/cpuidle/cpuidle.o
  CC      drivers/clk/msm/clock-debug.o
  CC      lib/lzo/lzo1x_compress.o
  CC      net/bluetooth/hci_sock.o
  CC      lib/mpi/generic_mpih-lshift.o
  CC      lib/reed_solomon/reed_solomon.o
  CC      drivers/cpufreq/cpufreq_interactive.o
  CC      lib/mpi/generic_mpih-mul1.o
  CC      drivers/clk/msm/clock-osm.o
  CC      drivers/cpuidle/driver.o
  CC      lib/lzo/lzo1x_decompress_safe.o
  CC      lib/mpi/generic_mpih-mul2.o
  LD      lib/reed_solomon/built-in.o
  CC      lib/mpi/generic_mpih-mul3.o
  CC      lib/zlib_deflate/deflate.o
  CC      drivers/cpuidle/governor.o
  CC      drivers/cpuidle/sysfs.o
  LD      lib/lzo/lzo_compress.o
  LD      lib/lzo/lzo_decompress.o
  LD      lib/lzo/built-in.o
  CC      drivers/cpuidle/governors/ladder.o
  CC      lib/mpi/generic_mpih-rshift.o
  CC      drivers/cpuidle/lpm-levels.o
  CC      drivers/cpuidle/governors/menu.o
  CC      drivers/cpuidle/lpm-levels-of.o
  CC      lib/mpi/generic_mpih-sub1.o
  CC      lib/zlib_deflate/deftree.o
  CC      drivers/clk/msm/clock-gcc-cobalt.o
  LD      drivers/cpuidle/governors/built-in.o
  CC      drivers/cpuidle/lpm-workarounds.o
  CC      lib/mpi/generic_mpih-add1.o
  CC      drivers/cpufreq/cpufreq_governor.o
  CC      lib/mpi/mpicoder.o
  CC      net/bluetooth/hci_sysfs.o
  CC      lib/zlib_deflate/deflate_syms.o
  CC      drivers/clk/msm/clock-gpu-cobalt.o
  CC      net/bridge/br.o
  CC      net/core/sock.o
  CC      drivers/cpufreq/cpufreq_nightmare.o
  CC      drivers/clk/msm/clock-mmss-cobalt.o
  CC      lib/mpi/mpi-bit.o
  LD      lib/zlib_deflate/zlib_deflate.o
  LD      lib/zlib_deflate/built-in.o
  CC      lib/zlib_inflate/inffast.o
  CC      net/bluetooth/l2cap_core.o
drivers/cpufreq/cpufreq_nightmare.c:643:2: warning: initialization from incompatible pointer type
  .init = nm_init,
  ^
drivers/cpufreq/cpufreq_nightmare.c:643:2: warning: (near initialization for 'nm_dbs_cdata.init')
  CC      lib/zlib_inflate/inflate.o
  CC      net/bridge/br_device.o
  CC      drivers/clk/msm/clock-a7.o
  CC      lib/mpi/mpi-cmp.o
  LD      drivers/cpuidle/built-in.o
  CC      drivers/crypto/msm/qcedev.o
  CC      drivers/cpufreq/cpufreq_darkness.o
  CC      lib/zlib_inflate/infutil.o
  CC      lib/mpi/mpih-cmp.o
  CC      drivers/clk/msm/clock-cpu-8939.o
  CC      net/bridge/br_fdb.o
drivers/cpufreq/cpufreq_darkness.c:304:2: warning: initialization from incompatible pointer type
  .init = dk_init,
  ^
drivers/cpufreq/cpufreq_darkness.c:304:2: warning: (near initialization for 'dk_dbs_cdata.init')
  CC      lib/zlib_inflate/inftrees.o
  CC      lib/mpi/mpih-div.o
  CC      lib/zlib_inflate/inflate_syms.o
  CC      drivers/cpufreq/cpufreq_alucard.o
drivers/cpufreq/cpufreq_alucard.c:710:2: warning: initialization from incompatible pointer type
  .init = ac_init,
  ^
drivers/cpufreq/cpufreq_alucard.c:710:2: warning: (near initialization for 'ac_dbs_cdata.init')
  CC      lib/mpi/mpih-mul.o
  LD      lib/zlib_inflate/zlib_inflate.o
  LD      lib/zlib_inflate/built-in.o
  CC      lib/textsearch.o
  CC      drivers/clk/msm/clock-gcc-8952.o
  CC      net/bridge/br_forward.o
  CC      drivers/crypto/msm/qce50.o
  CC      lib/mpi/mpi-pow.o
  CC      net/core/request_sock.o
  CC      drivers/cpufreq/qcom-cpufreq.o
  CC      lib/ts_kmp.o
  CC      drivers/clk/msm/clock-gcc-8953.o
  CC      lib/ts_bm.o
  CC      lib/mpi/mpiutil.o
  LD      drivers/cpufreq/built-in.o
  CC      drivers/devfreq/devfreq.o
  CC      lib/ts_fsm.o
  CC      net/bridge/br_if.o
  CC      net/core/skbuff.o
  CC      drivers/clk/msm/clock-rcgwr.o
  LD      lib/mpi/mpi.o
  LD      lib/mpi/built-in.o
  CC      lib/percpu_counter.o
  CC      lib/audit.o
  CC      drivers/clk/msm/clock-cpu-8953.o
  CC      lib/compat_audit.o
  CC      drivers/devfreq/devfreq_trace.o
  CC      lib/swiotlb.o
  CC      drivers/devfreq/governor_simpleondemand.o
  CC      net/bridge/br_input.o
  CC      net/bridge/br_ioctl.o
  CC      drivers/devfreq/governor_performance.o
  CC      drivers/clk/msm/gdsc.o
  CC      drivers/devfreq/governor_powersave.o
  CC      net/bluetooth/l2cap_sock.o
  CC      drivers/devfreq/governor_userspace.o
  CC      drivers/crypto/msm/compat_qcedev.o
  CC      net/bridge/br_stp.o
  CC      drivers/clk/msm/mdss/mdss-pll-util.o
  CC      lib/iommu-helper.o
  CC      drivers/clk/msm/mdss/mdss-pll.o
  CC      drivers/devfreq/governor_cpufreq.o
  CC      lib/syscall.o
  CC      lib/dynamic_debug.o
  CC      drivers/clk/msm/mdss/mdss-dsi-pll-util.o
  CC      drivers/clk/msm/mdss/mdss-dsi-pll-28lpm.o
  CC      net/bridge/br_stp_bpdu.o
  CC      drivers/devfreq/governor_msm_adreno_tz.o
  CC      drivers/clk/msm/mdss/mdss-dsi-pll-8996.o
  CC      drivers/crypto/msm/qcrypto.o
  CC      net/core/iovec.o
  CC      net/bluetooth/smp.o
  CC      net/core/datagram.o
  CC      net/bridge/br_stp_if.o
  CC      drivers/devfreq/bimc-bwmon.o
  CC      drivers/clk/msm/mdss/mdss-dsi-pll-8996-util.o
  CC      drivers/devfreq/arm-memlat-mon.o
  CC      lib/nlattr.o
  CC      net/bridge/br_stp_timer.o
  CC      net/bridge/br_netlink.o
  CC      drivers/clk/msm/mdss/mdss-hdmi-pll-8996.o
  CC      net/bluetooth/sco.o
  CC      drivers/devfreq/msmcci-hwmon.o
  CC      net/core/stream.o
  CC      net/bridge/br_sysfs_if.o
  CC      lib/checksum.o
  CC      net/bridge/br_sysfs_br.o
  CC      lib/cpu_rmap.o
  CC      drivers/devfreq/m4m-hwmon.o
  CC      drivers/devfreq/governor_bw_hwmon.o
  CC      lib/dynamic_queue_limits.o
  CC      net/bridge/br_nf_core.o
  CC      net/bluetooth/lib.o
  CC      net/core/scm.o
  LD      drivers/clk/msm/mdss/built-in.o
  LD      drivers/clk/msm/built-in.o
  LD      drivers/clk/built-in.o
  CC      net/bridge/br_multicast.o
  CC      drivers/dma/dmaengine.o
  CC      drivers/crypto/msm/ota_crypto.o
  CC      lib/strncpy_from_user.o
  CC      net/bridge/br_mdb.o
  CC      lib/strnlen_user.o
  CC      drivers/devfreq/governor_cache_hwmon.o
  CC      net/bluetooth/a2mp.o
  CC      drivers/crypto/msm/ice.o
  CC      lib/net_utils.o
  CC      net/core/gen_stats.o
  CC      net/bridge/netfilter/ebtables.o
  CC      drivers/dma/of-dma.o
  CC      drivers/devfreq/governor_gpubw_mon.o
  CC      lib/asn1_decoder.o
  CC      drivers/devfreq/governor_bw_vbif.o
  CC      net/bluetooth/amp.o
  GEN     lib/oid_registry_data.c
  CC      lib/ucs2_string.o
  CC      drivers/dma/qcom-sps-dma.o
  CC      net/core/gen_estimator.o
  LD      drivers/crypto/msm/built-in.o
  CC [M]  net/bridge/br_netfilter.o
  CC      drivers/devfreq/governor_spdm_bw_hyp.o
  LD      drivers/crypto/built-in.o
  CC      drivers/dma-buf/dma-buf.o
  CC      lib/qmi_encdec.o
  LD      drivers/dma/xilinx/built-in.o
  LD      drivers/dma/built-in.o
  CC      drivers/edac/edac_stub.o
  CC      drivers/devfreq/governor_memlat.o
  CC      net/bluetooth/bnep/core.o
  CC      lib/argv_split.o
  CC      net/core/net_namespace.o
  CC      drivers/dma-buf/fence.o
  CC      drivers/edac/edac_mc.o
  CC      drivers/devfreq/devfreq_devbw.o
  CC      lib/bug.o
  CC      net/bridge/netfilter/ebtable_broute.o
  CC      net/bluetooth/bnep/sock.o
  CC      net/bluetooth/bnep/netdev.o
  CC      drivers/devfreq/devfreq_simple_dev.o
  CC      lib/clz_tab.o
  CC      lib/cmdline.o
  CC      lib/cpumask.o
  LD      net/bridge/netfilter/built-in.o
  LD      net/bridge/bridge.o
  CC      drivers/dma-buf/reservation.o
  CC      drivers/devfreq/devfreq_spdm.o
  CC      drivers/edac/edac_device.o
  CC      net/core/secure_seq.o
  LD      net/bridge/built-in.o
  CC      net/dns_resolver/dns_key.o
  CC      net/core/flow_dissector.o
  LD      net/bluetooth/bnep/bnep.o
  LD      net/bluetooth/bnep/built-in.o
  CC      net/bluetooth/hidp/core.o
  CC      lib/ctype.o
  CC      lib/dec_and_lock.o
  CC      drivers/devfreq/devfreq_spdm_debugfs.o
  CC      net/dns_resolver/dns_query.o
  CC      net/core/sysctl_net_core.o
  CC      lib/decompress.o
  CC      drivers/dma-buf/seqno-fence.o
  CC      lib/decompress_bunzip2.o
  CC      drivers/edac/edac_mc_sysfs.o
  LD      net/dns_resolver/dns_resolver.o
  LD      net/dns_resolver/built-in.o
  CC      net/ethernet/eth.o
  LD      drivers/devfreq/built-in.o
  CC      lib/decompress_inflate.o
  CC      net/core/dev.o
  LD      drivers/dma-buf/built-in.o
  CC      drivers/fingerprint/fpc/fpc1020_tee.o
  LD      drivers/firewire/built-in.o
  CC      drivers/firmware/dmi_scan.o
  CC      drivers/gpio/devres.o
  CC      net/bluetooth/hidp/sock.o
  CC      drivers/edac/edac_pci_sysfs.o
  CC      lib/decompress_unlzma.o
  LD      drivers/fingerprint/fpc/built-in.o
  CC      drivers/fingerprint/goodix/gf_spi.o
  CC      drivers/gpio/gpiolib.o
  LD      net/bluetooth/hidp/hidp.o
  LD      net/bluetooth/hidp/built-in.o
  CC      net/bluetooth/rfcomm/core.o
  CC      lib/dump_stack.o
  LD      net/ethernet/built-in.o
  CC      lib/earlycpio.o
  CC      drivers/firmware/dmi-id.o
  CC      lib/extable.o
  CC      drivers/edac/edac_module.o
  CC      drivers/fingerprint/goodix/platform.o
  CC      lib/fdt.o
  CC      lib/fdt_empty_tree.o
  CC      drivers/firmware/efi/efi.o
  CC      lib/fdt_ro.o
  CC      drivers/edac/edac_device_sysfs.o
  CC      drivers/fingerprint/goodix/netlink.o
  CC      lib/fdt_rw.o
  CC      lib/fdt_strerror.o
  CC      lib/fdt_sw.o
  CC      drivers/firmware/efi/vars.o
  CC      drivers/edac/edac_pci.o
  CC      lib/fdt_wip.o
  LD      drivers/fingerprint/goodix/built-in.o
  LD      drivers/fingerprint/built-in.o
  LD      drivers/gpu/drm/bridge/built-in.o
  LD      drivers/gpu/drm/i2c/built-in.o
  CC      drivers/firmware/efi/reboot.o
  LD      drivers/gpu/drm/panel/built-in.o
  LD      drivers/gpu/drm/built-in.o
  CC      lib/flex_proportions.o
  CC      drivers/gpu/msm/kgsl.o
  CC      drivers/gpio/gpiolib-legacy.o
  CC      lib/idr.o
  CC      drivers/hid/hid-debug.o
  CC      net/bluetooth/rfcomm/sock.o
  CC      drivers/edac/cortex_arm64_edac.o
  CC      drivers/gpio/gpiolib-of.o
  CC      drivers/firmware/efi/runtime-wrappers.o
  CC      lib/int_sqrt.o
  LD      drivers/firmware/efi/built-in.o
  CC      drivers/firmware/qcom/tz_log.o
  CC      drivers/gpio/gpiolib-sysfs.o
  CC      lib/ioremap.o
  CC      drivers/hid/hid-core.o
  LD      drivers/edac/edac_core.o
  LD      drivers/edac/built-in.o
  LD      drivers/hsi/clients/built-in.o
  LD      drivers/hsi/controllers/built-in.o
  LD      drivers/hsi/built-in.o
  CC      drivers/hwmon/hwmon.o
  CC      net/bluetooth/rfcomm/tty.o
  CC      lib/irq_regs.o
  LD      drivers/firmware/qcom/built-in.o
  LD      drivers/firmware/built-in.o
  CC      lib/is_single_threaded.o
  CC      lib/klist.o
  CC      drivers/gpio/qpnp-pin.o
  CC      drivers/hwmon/epm_adc.o
  CC      lib/kobject.o
  CC      lib/kobject_uevent.o
  CC      net/core/ethtool.o
  CC      drivers/hwmon/qpnp-adc-voltage.o
  LD      net/bluetooth/rfcomm/rfcomm.o
  LD      net/bluetooth/rfcomm/built-in.o
  LD      net/bluetooth/bluetooth.o
  CC      drivers/hid/hid-input.o
  LD      net/bluetooth/built-in.o
  CC      drivers/gpu/msm/kgsl_trace.o
  CC      drivers/gpu/msm/kgsl_cmdbatch.o
  CC      lib/md5.o
  CC      drivers/gpio/gpio-msm-smp2p.o
  CC      lib/plist.o
  CC      lib/proportions.o
  CC      lib/radix-tree.o
  CC      drivers/gpio/gpio-msm-smp2p-test.o
  CC      lib/ratelimit.o
  CC      lib/rbtree.o
  CC      drivers/gpu/msm/kgsl_ioctl.o
  CC      drivers/hwmon/qpnp-adc-common.o
  CC      lib/sha1.o
  LD      drivers/gpio/built-in.o
  CC      net/core/dev_addr_lists.o
  CC      drivers/hwspinlock/hwspinlock_core.o
  CC      lib/show_mem.o
  CC      drivers/hid/hidraw.o
  CC      drivers/gpu/msm/kgsl_sharedmem.o
  CC      lib/string.o
  CC      lib/timerqueue.o
  CC      drivers/hwspinlock/msm_remote_spinlock.o
  CC      lib/vsprintf.o
  CC      drivers/hid/uhid.o
  CC      drivers/hid/hid-generic.o
  CC      drivers/hwmon/qpnp-adc-current.o
  CC      drivers/gpu/msm/kgsl_pwrctrl.o
  CC      net/core/dst.o
  LD      drivers/hwspinlock/built-in.o
  CC      drivers/hid/hid-apple.o
  CC      drivers/i2c/i2c-boardinfo.o
  CC      drivers/hid/hid-elecom.o
  CC      drivers/gpu/msm/kgsl_pwrscale.o
  CC      drivers/hid/hid-magicmouse.o
  CC      drivers/hid/hid-microsoft.o
  CC      drivers/i2c/i2c-core.o
  CC      net/core/netevent.o
  LD      drivers/hwmon/built-in.o
  CC      drivers/hid/hid-multitouch.o
  LD      drivers/idle/built-in.o
  CC      drivers/hid/usbhid/hid-core.o
  CC      drivers/input/input.o
  CC      drivers/gpu/msm/kgsl_mmu.o
  GEN     lib/crc32table.h
  CC      lib/oid_registry.o
  LD      drivers/hid/hid.o
  CC      drivers/input/input-compat.o
  AR      lib/lib.a
  CC      lib/crc32.o
  CC      net/core/neighbour.o
  CC      drivers/hid/usbhid/hid-quirks.o
  CC      drivers/gpu/msm/kgsl_snapshot.o
  CC      drivers/gpu/msm/kgsl_events.o
  CC      drivers/input/input-mt.o
  CC      drivers/hid/usbhid/hiddev.o
  CC      drivers/input/ff-core.o
  LD      lib/built-in.o
  CC      drivers/input/mousedev.o
  CC      drivers/i2c/i2c-dev.o
  CC      drivers/input/evdev.o
  CC      drivers/gpu/msm/kgsl_pool.o
  CC      drivers/input/joystick/xpad.o
  CC      drivers/input/keyboard/atkbd.o
  CC      drivers/input/misc/gpio_event.o
  CC      drivers/i2c/i2c-mux.o
  CC      drivers/gpu/msm/kgsl_iommu.o
  LD      drivers/input/joystick/built-in.o
  LD      drivers/hid/usbhid/usbhid.o
  LD      drivers/input/tablet/built-in.o
  LD      drivers/hid/usbhid/built-in.o
  LD      drivers/hid/built-in.o
  CC      drivers/input/touchscreen/of_touchscreen.o
  CC      drivers/input/serio/serio.o
  CC      drivers/input/misc/gpio_matrix.o
  CC      drivers/input/keyreset.o
  LD      drivers/i2c/algos/built-in.o
  CC      drivers/i2c/busses/i2c-msm-v2.o
  CC      drivers/input/keyboard/gpio_keys.o
  CC      drivers/input/touchscreen/atmel_mxt_ts.o
  CC      net/core/rtnetlink.o
  CC      drivers/input/keycombo.o
  CC      drivers/input/misc/gpio_input.o
  CC      drivers/input/serio/serport.o
  CC [M]  drivers/input/evbug.o
  LD      drivers/input/keyboard/built-in.o
  LD      drivers/input/input-core.o
  CC      drivers/input/serio/libps2.o
  CC      drivers/gpu/msm/kgsl_debugfs.o
  CC      drivers/input/misc/gpio_output.o
  CC      drivers/iommu/iommu.o
  CC      drivers/iommu/iommu-traces.o
  LD      drivers/i2c/busses/built-in.o
  LD      drivers/i2c/muxes/built-in.o
  LD      drivers/i2c/built-in.o
  CC      drivers/input/touchscreen/gen_vkeys.o
  CC      drivers/irqchip/irqchip.o
  CC      drivers/input/misc/gpio_axis.o
  CC      drivers/gpu/msm/kgsl_sync.o
  CC      drivers/irqchip/irq-gic.o
  LD      drivers/input/serio/built-in.o
  CC      drivers/input/misc/keychord.o
  CC      drivers/input/touchscreen/gen_vkeys_ist.o
  CC      drivers/input/misc/uinput.o
  CC      drivers/input/touchscreen/maxim_sti.o
  CC      drivers/iommu/iommu-sysfs.o
  CC      drivers/input/touchscreen/FT5336/ft5x06_720p.o
  CC      drivers/gpu/msm/kgsl_compat.o
  CC      drivers/irqchip/irq-gic-common.o
  CC      drivers/iommu/msm_dma_iommu_mapping.o
  CC      net/core/utils.o
  CC      drivers/iommu/io-pgtable.o
  LD      drivers/input/misc/built-in.o
  CC      drivers/iommu/io-pgtable-arm.o
  CC      drivers/irqchip/irq-gic-v2m.o
  CC      drivers/gpu/msm/adreno_ioctl.o
  CC      drivers/iommu/of_iommu.o
  CC      drivers/iommu/iommu-debug.o
  LD      drivers/input/touchscreen/FT5336/built-in.o
  CC      drivers/input/touchscreen/synaptics_dsx/synaptics_dsx_i2c.o
  CC      drivers/irqchip/irq-gic-v3.o
  CC      drivers/gpu/msm/adreno_ringbuffer.o
  CC      drivers/iommu/msm_iommu.o
  CC      net/core/link_watch.o
  CC      drivers/iommu/msm_iommu_domains.o
  CC      drivers/input/touchscreen/synaptics_dsx/synaptics_dsx_core.o
  CC      drivers/irqchip/irq-gic-v3-its.o
  CC      drivers/irqchip/irq-gic-v3-its-pci-msi.o
  CC      drivers/gpu/msm/adreno_drawctxt.o
  CC      drivers/input/touchscreen/synaptics_dsx_2.6/synaptics_dsx_i2c.o
  CC      drivers/iommu/msm_iommu_mapping.o
  CC      drivers/irqchip/irq-msm.o
  CC      net/core/filter.o
  CC      drivers/iommu/msm_iommu-v1.o
  CC      drivers/irqchip/msm_show_resume_irq.o
  CC      drivers/iommu/msm_iommu_dev-v1.o
  CC      drivers/gpu/msm/adreno_dispatch.o
  CC      drivers/input/touchscreen/synaptics_dsx_2.6/synaptics_dsx_core.o
  LD      drivers/irqchip/built-in.o
  CC      drivers/leds/led-core.o
  CC      drivers/iommu/msm_iommu_sec.o
  CC      drivers/iommu/msm_iommu_pagetable.o
  CC      drivers/input/touchscreen/synaptics_dsx/synaptics_dsx_fw_update.o
  CC      drivers/leds/led-class.o
  CC      drivers/iommu/arm-smmu.o
  CC      net/core/sock_diag.o
  CC      drivers/leds/led-triggers.o
  CC      drivers/leds/leds-gpio.o
  CC      drivers/leds/leds-pwm.o
  CC      drivers/gpu/msm/adreno_snapshot.o
  LD      drivers/input/touchscreen/synaptics_dsx/built-in.o
  CC      drivers/gpu/msm/adreno_coresight.o
  CC      drivers/gpu/msm/adreno_trace.o
  CC      drivers/leds/leds-qpnp.o
  CC      drivers/leds/leds-qpnp-flash.o
  CC      net/core/dev_ioctl.o
  CC      drivers/input/touchscreen/synaptics_dsx_2.6/synaptics_dsx_rmi_dev.o
  CC      drivers/gpu/msm/adreno_a3xx.o
  CC      drivers/gpu/msm/adreno_a4xx.o
  LD      drivers/iommu/built-in.o
  LD      drivers/lguest/built-in.o
  LD      drivers/macintosh/built-in.o
  CC      drivers/md/dm.o
  CC      drivers/input/touchscreen/synaptics_dsx_2.6/synaptics_dsx_fw_update.o
  CC      drivers/leds/leds-qpnp-wled.o
  CC      net/core/tso.o
  CC      drivers/gpu/msm/adreno_a5xx.o
  CC      drivers/gpu/msm/adreno_a3xx_snapshot.o
  CC      drivers/gpu/msm/adreno_a4xx_snapshot.o
  CC      drivers/leds/leds-aw2013.o
  CC      drivers/gpu/msm/adreno_a5xx_snapshot.o
  CC      drivers/gpu/msm/adreno_a4xx_preempt.o
  CC      net/core/flow.o
  LD      drivers/leds/trigger/built-in.o
  CC      net/core/net-sysfs.o
  LD      drivers/leds/built-in.o
  LD      drivers/media/common/b2c2/built-in.o
  LD      drivers/media/common/saa7146/built-in.o
  LD      drivers/media/common/siano/built-in.o
  LD      drivers/media/common/built-in.o
  LD      drivers/media/firewire/built-in.o
  LD      drivers/media/i2c/soc_camera/built-in.o
  LD      drivers/media/i2c/built-in.o
  LD      drivers/media/mmc/siano/built-in.o
  LD      drivers/media/mmc/built-in.o
  LD      drivers/media/parport/built-in.o
  LD      drivers/media/pci/b2c2/built-in.o
  CC      drivers/gpu/msm/adreno_a5xx_preempt.o
  LD      drivers/media/pci/ddbridge/built-in.o
  LD      drivers/media/pci/dm1105/built-in.o
  LD      drivers/media/pci/mantis/built-in.o
  LD      drivers/media/pci/ngene/built-in.o
  LD      drivers/media/pci/pluto2/built-in.o
  LD      drivers/media/pci/pt1/built-in.o
  LD      drivers/media/pci/pt3/built-in.o
  LD      drivers/media/pci/saa7146/built-in.o
  LD      drivers/media/pci/ttpci/built-in.o
  LD      drivers/media/pci/built-in.o
  LD      drivers/media/platform/msm/broadcast/built-in.o
  CC      drivers/media/platform/msm/camera_v2/camera/camera.o
  LD      drivers/input/touchscreen/synaptics_dsx_2.6/built-in.o
  LD      drivers/input/touchscreen/built-in.o
  LD      drivers/input/built-in.o
  LD      drivers/media/platform/omap/built-in.o
  CC      drivers/media/platform/soc_camera/soc_camera.o
  CC      drivers/md/dm-table.o
  CC      drivers/gpu/msm/adreno_sysfs.o
  CC      drivers/mfd/mfd-core.o
  CC      drivers/gpu/msm/adreno.o
  CC      net/core/net-procfs.o
  CC      drivers/gpu/msm/adreno_cp_parser.o
  LD      drivers/media/platform/msm/camera_v2/camera/built-in.o
  CC      drivers/media/platform/msm/camera_v2/common/msm_camera_io_util.o
  CC      drivers/mfd/wcd9xxx-core.o
  CC      net/core/fib_rules.o
  CC      net/core/net-traces.o
  CC      drivers/md/dm-target.o
  CC      drivers/gpu/msm/adreno_perfcounter.o
  CC      drivers/media/platform/soc_camera/soc_mediabus.o
  CC      drivers/media/platform/msm/camera_v2/common/cam_smmu_api.o
  CC      drivers/gpu/msm/adreno_iommu.o
  CC      drivers/md/dm-linear.o
  CC      drivers/gpu/msm/adreno_debugfs.o
  CC      drivers/media/platform/soc_camera/soc_camera_platform.o
  CC      net/core/sockev_nlmcast.o
  CC      drivers/md/dm-stripe.o
  LD      drivers/media/platform/soc_camera/built-in.o
  CC      drivers/md/dm-ioctl.o
  CC      drivers/mfd/wcd9xxx-irq.o
  CC      drivers/gpu/msm/adreno_profile.o
  CC      drivers/gpu/msm/adreno_compat.o
  LD      net/core/built-in.o
  CC      drivers/media/platform/msm/camera_v2/fd/msm_fd_dev.o
  CC      net/ipc_router/ipc_router_core.o
  CC      drivers/media/platform/msm/camera_v2/common/cam_hw_ops.o
  CC      drivers/md/dm-io.o
  LD      drivers/gpu/msm/msm_kgsl_core.o
  CC      drivers/md/dm-kcopyd.o
  CC      drivers/mfd/wcd9xxx-slimslave.o
  LD      drivers/gpu/msm/msm_adreno.o
  CC      drivers/md/dm-sysfs.o
  CC      drivers/media/platform/msm/camera_v2/common/cam_soc_api.o
  LD      drivers/gpu/msm/built-in.o
  CC      drivers/media/platform/msm/camera_v2/fd/msm_fd_hw.o
  CC      drivers/gpu/vga/vgaarb.o
  CC      drivers/md/dm-stats.o
  CC      drivers/md/dm-builtin.o
  CC      drivers/md/dm-bufio.o
  CC      drivers/mfd/wcd9xxx-core-resource.o
  LD      drivers/media/platform/msm/camera_v2/fd/built-in.o
  CC      drivers/media/platform/msm/camera_v2/isp/msm_buf_mgr.o
  CC      drivers/md/dm-crypt.o
  CC      drivers/md/dm-verity-fec.o
  LD      drivers/gpu/vga/built-in.o
  LD      drivers/gpu/built-in.o
  CC      drivers/mfd/wcd9335-regmap.o
  LD      drivers/media/platform/msm/camera_v2/common/built-in.o
  CC      drivers/mfd/wcd9335-tables.o
  CC      drivers/misc/aw87319_audio.o
  CC      drivers/mfd/wcd-gpio-ctrl.o
  CC      net/ipc_router/ipc_router_socket.o
  CC      drivers/misc/uid_stat.o
  CC      net/ipc_router/ipc_router_security.o
  CC      drivers/md/dm-verity-target.o
  CC      drivers/md/dm-req-crypt.o
  CC      drivers/media/platform/msm/camera_v2/isp/msm_isp_util.o
  LD      drivers/mfd/built-in.o
  CC      drivers/mmc/card/block.o
  LD      drivers/misc/carma/built-in.o
  LD      drivers/misc/cb710/built-in.o
  LD      drivers/misc/eeprom/built-in.o
  LD      drivers/misc/lis3lv02d/built-in.o
  LD      drivers/misc/mic/built-in.o
  LD      drivers/md/dm-mod.o
  CC      drivers/misc/qcom/qdsp6v2/aac_in.o
  CC      drivers/misc/qcom/qdsp6v2/qcelp_in.o
  CC      drivers/misc/qcom/qdsp6v2/evrc_in.o
  LD      drivers/md/dm-verity.o
  CC      drivers/misc/qcom/qdsp6v2/amrnb_in.o
  CC      drivers/misc/qcom/qdsp6v2/g711mlaw_in.o
  LD      net/ipc_router/built-in.o
  CC      net/ipv4/route.o
  CC      drivers/misc/qcom/qdsp6v2/g711alaw_in.o
  LD      drivers/md/built-in.o
  CC      drivers/net/dummy.o
  CC      drivers/misc/qcom/qdsp6v2/audio_utils.o
  CC      drivers/misc/qcom/qdsp6v2/audio_wma.o
  CC      drivers/misc/qcom/qdsp6v2/audio_wmapro.o
  CC      drivers/misc/qcom/qdsp6v2/audio_aac.o
  CC      drivers/media/platform/msm/camera_v2/isp/msm_isp_axi_util.o
  CC      drivers/misc/qcom/qdsp6v2/audio_multi_aac.o
  CC      drivers/net/mii.o
  CC      drivers/net/Space.o
  CC      net/ipv4/inetpeer.o
  CC      net/ipv4/protocol.o
  CC      drivers/net/loopback.o
  CC      drivers/misc/qcom/qdsp6v2/audio_alac.o
  LD      drivers/net/ethernet/3com/built-in.o
  LD      drivers/net/ethernet/8390/built-in.o
  LD      drivers/net/ethernet/adaptec/built-in.o
  LD      drivers/net/ethernet/agere/built-in.o
  LD      drivers/net/ethernet/alteon/built-in.o
  LD      drivers/net/ethernet/amd/built-in.o
  LD      drivers/net/ethernet/arc/built-in.o
  CC      drivers/mmc/card/queue.o
  LD      drivers/net/ethernet/atheros/built-in.o
  CC      drivers/misc/qcom/qdsp6v2/audio_ape.o
  LD      drivers/net/ethernet/broadcom/built-in.o
  LD      drivers/net/ethernet/brocade/built-in.o
  LD      drivers/net/ethernet/chelsio/built-in.o
  LD      drivers/net/ethernet/cisco/built-in.o
  LD      drivers/net/ethernet/dec/built-in.o
  LD      drivers/net/ethernet/dlink/built-in.o
  LD      drivers/net/ethernet/emulex/built-in.o
  LD      drivers/net/ethernet/hp/built-in.o
  CC      drivers/net/phy/phy.o
  LD      drivers/net/ethernet/i825xx/built-in.o
  LD      drivers/net/ethernet/intel/built-in.o
  LD      drivers/net/ethernet/marvell/built-in.o
  LD      drivers/net/ethernet/mellanox/built-in.o
  CC      net/ipv4/ip_input.o
  CC      net/ipv4/ip_fragment.o
  LD      drivers/net/ethernet/micrel/built-in.o
  LD      drivers/net/ethernet/microchip/built-in.o
  CC      drivers/net/ethernet/msm/rndis_ipa.o
  CC      net/ipv4/ip_forward.o
  CC      drivers/misc/qcom/qdsp6v2/audio_utils_aio.o
In file included from drivers/net/ethernet/msm/rndis_ipa.c:32:0:
drivers/net/ethernet/msm/rndis_ipa_trace.h:82:0: warning: "TRACE_INCLUDE_PATH" redefined
 #define TRACE_INCLUDE_PATH ../../drivers/net/ethernet/msm
 ^
drivers/net/ethernet/msm/rndis_ipa_trace.h:80:0: note: this is the location of the previous definition
 #define TRACE_INCLUDE_PATH .
 ^
In file included from include/trace/define_trace.h:83:0,
                 from drivers/net/ethernet/msm/rndis_ipa_trace.h:83,
                 from drivers/net/ethernet/msm/rndis_ipa.c:32:
include/trace/../../drivers/net/ethernet/msm/rndis_ipa_trace.h:82:0: warning: "TRACE_INCLUDE_PATH" redefined
 #define TRACE_INCLUDE_PATH ../../drivers/net/ethernet/msm
 ^
include/trace/../../drivers/net/ethernet/msm/rndis_ipa_trace.h:80:0: note: this is the location of the previous definition
 #define TRACE_INCLUDE_PATH .
 ^
In file included from include/trace/ftrace.h:106:0,
                 from include/trace/define_trace.h:90,
                 from drivers/net/ethernet/msm/rndis_ipa_trace.h:83,
                 from drivers/net/ethernet/msm/rndis_ipa.c:32:
include/trace/../../drivers/net/ethernet/msm/rndis_ipa_trace.h:82:0: warning: "TRACE_INCLUDE_PATH" redefined
 #define TRACE_INCLUDE_PATH ../../drivers/net/ethernet/msm
 ^
include/trace/../../drivers/net/ethernet/msm/rndis_ipa_trace.h:80:0: note: this is the location of the previous definition
 #define TRACE_INCLUDE_PATH .
 ^
In file included from include/trace/ftrace.h:168:0,
                 from include/trace/define_trace.h:90,
                 from drivers/net/ethernet/msm/rndis_ipa_trace.h:83,
                 from drivers/net/ethernet/msm/rndis_ipa.c:32:
include/trace/../../drivers/net/ethernet/msm/rndis_ipa_trace.h:82:0: warning: "TRACE_INCLUDE_PATH" redefined
 #define TRACE_INCLUDE_PATH ../../drivers/net/ethernet/msm
 ^
include/trace/../../drivers/net/ethernet/msm/rndis_ipa_trace.h:80:0: note: this is the location of the previous definition
 #define TRACE_INCLUDE_PATH .
 ^
In file included from include/trace/ftrace.h:327:0,
                 from include/trace/define_trace.h:90,
                 from drivers/net/ethernet/msm/rndis_ipa_trace.h:83,
                 from drivers/net/ethernet/msm/rndis_ipa.c:32:
include/trace/../../drivers/net/ethernet/msm/rndis_ipa_trace.h:82:0: warning: "TRACE_INCLUDE_PATH" redefined
 #define TRACE_INCLUDE_PATH ../../drivers/net/ethernet/msm
 ^
include/trace/../../drivers/net/ethernet/msm/rndis_ipa_trace.h:80:0: note: this is the location of the previous definition
 #define TRACE_INCLUDE_PATH .
 ^
In file included from include/trace/ftrace.h:399:0,
                 from include/trace/define_trace.h:90,
                 from drivers/net/ethernet/msm/rndis_ipa_trace.h:83,
                 from drivers/net/ethernet/msm/rndis_ipa.c:32:
include/trace/../../drivers/net/ethernet/msm/rndis_ipa_trace.h:82:0: warning: "TRACE_INCLUDE_PATH" redefined
 #define TRACE_INCLUDE_PATH ../../drivers/net/ethernet/msm
 ^
include/trace/../../drivers/net/ethernet/msm/rndis_ipa_trace.h:80:0: note: this is the location of the previous definition
 #define TRACE_INCLUDE_PATH .
 ^
In file included from include/trace/ftrace.h:479:0,
                 from include/trace/define_trace.h:90,
                 from drivers/net/ethernet/msm/rndis_ipa_trace.h:83,
                 from drivers/net/ethernet/msm/rndis_ipa.c:32:
include/trace/../../drivers/net/ethernet/msm/rndis_ipa_trace.h:82:0: warning: "TRACE_INCLUDE_PATH" redefined
 #define TRACE_INCLUDE_PATH ../../drivers/net/ethernet/msm
 ^
include/trace/../../drivers/net/ethernet/msm/rndis_ipa_trace.h:80:0: note: this is the location of the previous definition
 #define TRACE_INCLUDE_PATH .
 ^
In file included from include/trace/ftrace.h:676:0,
                 from include/trace/define_trace.h:90,
                 from drivers/net/ethernet/msm/rndis_ipa_trace.h:83,
                 from drivers/net/ethernet/msm/rndis_ipa.c:32:
include/trace/../../drivers/net/ethernet/msm/rndis_ipa_trace.h:82:0: warning: "TRACE_INCLUDE_PATH" redefined
 #define TRACE_INCLUDE_PATH ../../drivers/net/ethernet/msm
 ^
include/trace/../../drivers/net/ethernet/msm/rndis_ipa_trace.h:80:0: note: this is the location of the previous definition
 #define TRACE_INCLUDE_PATH .
 ^
In file included from include/trace/ftrace.h:739:0,
                 from include/trace/define_trace.h:90,
                 from drivers/net/ethernet/msm/rndis_ipa_trace.h:83,
                 from drivers/net/ethernet/msm/rndis_ipa.c:32:
include/trace/../../drivers/net/ethernet/msm/rndis_ipa_trace.h:82:0: warning: "TRACE_INCLUDE_PATH" redefined
 #define TRACE_INCLUDE_PATH ../../drivers/net/ethernet/msm
 ^
include/trace/../../drivers/net/ethernet/msm/rndis_ipa_trace.h:80:0: note: this is the location of the previous definition
 #define TRACE_INCLUDE_PATH .
 ^
In file included from include/trace/ftrace.h:829:0,
                 from include/trace/define_trace.h:90,
                 from drivers/net/ethernet/msm/rndis_ipa_trace.h:83,
                 from drivers/net/ethernet/msm/rndis_ipa.c:32:
include/trace/../../drivers/net/ethernet/msm/rndis_ipa_trace.h:82:0: warning: "TRACE_INCLUDE_PATH" redefined
 #define TRACE_INCLUDE_PATH ../../drivers/net/ethernet/msm
 ^
include/trace/../../drivers/net/ethernet/msm/rndis_ipa_trace.h:80:0: note: this is the location of the previous definition
 #define TRACE_INCLUDE_PATH .
 ^
  CC      drivers/media/platform/msm/camera_v2/isp/msm_isp_stats_util.o
  CC      net/ipv4/ip_options.o
  CC [M]  drivers/mmc/card/mmc_test.o
  CC      drivers/net/phy/phy_device.o
  CC      net/ipv4/ip_output.o
  CC      net/ipv4/ip_sockglue.o
  CC      drivers/media/platform/msm/camera_v2/isp/msm_isp48.o
  CC      drivers/misc/qcom/qdsp6v2/q6audio_v2.o
In file included from drivers/net/ethernet/msm/rndis_ipa.c:32:0:
drivers/net/ethernet/msm/rndis_ipa_trace.h:82:0: warning: "TRACE_INCLUDE_PATH" redefined
 #define TRACE_INCLUDE_PATH ../../drivers/net/ethernet/msm
 ^
drivers/net/ethernet/msm/rndis_ipa_trace.h:80:0: note: this is the location of the previous definition
 #define TRACE_INCLUDE_PATH .
 ^
In file included from include/trace/define_trace.h:83:0,
                 from drivers/net/ethernet/msm/rndis_ipa_trace.h:83,
                 from drivers/net/ethernet/msm/rndis_ipa.c:32:
include/trace/../../drivers/net/ethernet/msm/rndis_ipa_trace.h:82:0: warning: "TRACE_INCLUDE_PATH" redefined
 #define TRACE_INCLUDE_PATH ../../drivers/net/ethernet/msm
 ^
include/trace/../../drivers/net/ethernet/msm/rndis_ipa_trace.h:80:0: note: this is the location of the previous definition
 #define TRACE_INCLUDE_PATH .
 ^
In file included from include/trace/ftrace.h:106:0,
                 from include/trace/define_trace.h:90,
                 from drivers/net/ethernet/msm/rndis_ipa_trace.h:83,
                 from drivers/net/ethernet/msm/rndis_ipa.c:32:
include/trace/../../drivers/net/ethernet/msm/rndis_ipa_trace.h:82:0: warning: "TRACE_INCLUDE_PATH" redefined
 #define TRACE_INCLUDE_PATH ../../drivers/net/ethernet/msm
 ^
include/trace/../../drivers/net/ethernet/msm/rndis_ipa_trace.h:80:0: note: this is the location of the previous definition
 #define TRACE_INCLUDE_PATH .
 ^
In file included from include/trace/ftrace.h:168:0,
                 from include/trace/define_trace.h:90,
                 from drivers/net/ethernet/msm/rndis_ipa_trace.h:83,
                 from drivers/net/ethernet/msm/rndis_ipa.c:32:
include/trace/../../drivers/net/ethernet/msm/rndis_ipa_trace.h:82:0: warning: "TRACE_INCLUDE_PATH" redefined
 #define TRACE_INCLUDE_PATH ../../drivers/net/ethernet/msm
 ^
include/trace/../../drivers/net/ethernet/msm/rndis_ipa_trace.h:80:0: note: this is the location of the previous definition
 #define TRACE_INCLUDE_PATH .
 ^
In file included from include/trace/ftrace.h:327:0,
                 from include/trace/define_trace.h:90,
                 from drivers/net/ethernet/msm/rndis_ipa_trace.h:83,
                 from drivers/net/ethernet/msm/rndis_ipa.c:32:
include/trace/../../drivers/net/ethernet/msm/rndis_ipa_trace.h:82:0: warning: "TRACE_INCLUDE_PATH" redefined
 #define TRACE_INCLUDE_PATH ../../drivers/net/ethernet/msm
 ^
include/trace/../../drivers/net/ethernet/msm/rndis_ipa_trace.h:80:0: note: this is the location of the previous definition
 #define TRACE_INCLUDE_PATH .
 ^
In file included from include/trace/ftrace.h:399:0,
                 from include/trace/define_trace.h:90,
                 from drivers/net/ethernet/msm/rndis_ipa_trace.h:83,
                 from drivers/net/ethernet/msm/rndis_ipa.c:32:
include/trace/../../drivers/net/ethernet/msm/rndis_ipa_trace.h:82:0: warning: "TRACE_INCLUDE_PATH" redefined
 #define TRACE_INCLUDE_PATH ../../drivers/net/ethernet/msm
 ^
include/trace/../../drivers/net/ethernet/msm/rndis_ipa_trace.h:80:0: note: this is the location of the previous definition
 #define TRACE_INCLUDE_PATH .
 ^
In file included from include/trace/ftrace.h:479:0,
                 from include/trace/define_trace.h:90,
                 from drivers/net/ethernet/msm/rndis_ipa_trace.h:83,
                 from drivers/net/ethernet/msm/rndis_ipa.c:32:
include/trace/../../drivers/net/ethernet/msm/rndis_ipa_trace.h:82:0: warning: "TRACE_INCLUDE_PATH" redefined
 #define TRACE_INCLUDE_PATH ../../drivers/net/ethernet/msm
 ^
include/trace/../../drivers/net/ethernet/msm/rndis_ipa_trace.h:80:0: note: this is the location of the previous definition
 #define TRACE_INCLUDE_PATH .
 ^
In file included from include/trace/ftrace.h:676:0,
                 from include/trace/define_trace.h:90,
                 from drivers/net/ethernet/msm/rndis_ipa_trace.h:83,
                 from drivers/net/ethernet/msm/rndis_ipa.c:32:
include/trace/../../drivers/net/ethernet/msm/rndis_ipa_trace.h:82:0: warning: "TRACE_INCLUDE_PATH" redefined
 #define TRACE_INCLUDE_PATH ../../drivers/net/ethernet/msm
 ^
include/trace/../../drivers/net/ethernet/msm/rndis_ipa_trace.h:80:0: note: this is the location of the previous definition
 #define TRACE_INCLUDE_PATH .
 ^
In file included from include/trace/ftrace.h:739:0,
                 from include/trace/define_trace.h:90,
                 from drivers/net/ethernet/msm/rndis_ipa_trace.h:83,
                 from drivers/net/ethernet/msm/rndis_ipa.c:32:
include/trace/../../drivers/net/ethernet/msm/rndis_ipa_trace.h:82:0: warning: "TRACE_INCLUDE_PATH" redefined
 #define TRACE_INCLUDE_PATH ../../drivers/net/ethernet/msm
 ^
include/trace/../../drivers/net/ethernet/msm/rndis_ipa_trace.h:80:0: note: this is the location of the previous definition
 #define TRACE_INCLUDE_PATH .
 ^
In file included from include/trace/ftrace.h:829:0,
                 from include/trace/define_trace.h:90,
                 from drivers/net/ethernet/msm/rndis_ipa_trace.h:83,
                 from drivers/net/ethernet/msm/rndis_ipa.c:32:
include/trace/../../drivers/net/ethernet/msm/rndis_ipa_trace.h:82:0: warning: "TRACE_INCLUDE_PATH" redefined
 #define TRACE_INCLUDE_PATH ../../drivers/net/ethernet/msm
 ^
include/trace/../../drivers/net/ethernet/msm/rndis_ipa_trace.h:80:0: note: this is the location of the previous definition
 #define TRACE_INCLUDE_PATH .
 ^
  CC      drivers/net/ethernet/msm/msm_rmnet_bam.o
  CC      drivers/misc/qcom/qdsp6v2/q6audio_v2_aio.o
  CC      net/ipv4/inet_hashtables.o
  CC [M]  drivers/mmc/card/mmc_block_test.o
  CC      drivers/media/platform/msm/camera_v2/isp/msm_isp47.o
  CC      drivers/net/phy/mdio_bus.o
  CC      drivers/misc/qcom/qdsp6v2/audio_mp3.o
  LD      drivers/net/ethernet/msm/built-in.o
  LD      drivers/net/ethernet/myricom/built-in.o
  LD      drivers/net/ethernet/natsemi/built-in.o
  LD      drivers/net/ethernet/neterion/built-in.o
  LD      drivers/net/ethernet/nvidia/built-in.o
  CC      net/ipv4/inet_timewait_sock.o
  LD      drivers/net/ethernet/oki-semi/built-in.o
  LD      drivers/net/ethernet/packetengines/built-in.o
  LD      drivers/net/ethernet/qlogic/built-in.o
  CC      drivers/misc/qcom/qdsp6v2/audio_amrnb.o
  LD      drivers/net/ethernet/qualcomm/built-in.o
  LD      drivers/net/ethernet/rdc/built-in.o
  LD      drivers/net/ethernet/realtek/built-in.o
  LD      drivers/net/ethernet/samsung/built-in.o
  LD      drivers/net/ethernet/seeq/built-in.o
  LD      drivers/net/ethernet/silan/built-in.o
  LD      drivers/net/ethernet/sis/built-in.o
  LD      drivers/net/ethernet/smsc/built-in.o
  LD      drivers/net/ethernet/stmicro/built-in.o
  LD      drivers/net/ethernet/sun/built-in.o
  LD      drivers/net/ethernet/tehuti/built-in.o
  LD      drivers/net/ethernet/ti/built-in.o
  LD      drivers/net/ethernet/via/built-in.o
  LD      drivers/net/ethernet/wiznet/built-in.o
  LD      drivers/net/ethernet/built-in.o
  CC      drivers/net/ppp/ppp_generic.o
  LD      drivers/net/phy/libphy.o
  CC      drivers/misc/qcom/qdsp6v2/audio_amrwb.o
  LD      drivers/net/phy/built-in.o
  CC      drivers/misc/qcom/qdsp6v2/audio_amrwbplus.o
  CC      drivers/net/slip/slhc.o
  LD      drivers/mmc/card/mmc_block.o
  LD      drivers/mmc/card/built-in.o
  CC      drivers/mmc/core/core.o
  CC      net/ipv4/inet_connection_sock.o
  CC      drivers/misc/qcom/qdsp6v2/audio_evrc.o
  CC      drivers/misc/qcom/qdsp6v2/audio_qcelp.o
  CC      drivers/misc/qcom/qdsp6v2/amrwb_in.o
  CC      drivers/media/platform/msm/camera_v2/isp/msm_isp46.o
  CC      drivers/misc/qcom/qdsp6v2/audio_hwacc_effects.o
  CC      drivers/misc/qcom/qdsp6v2/ultrasound/usf.o
  CC      drivers/misc/qcom/qdsp6v2/ultrasound/usfcdev.o
  LD      drivers/net/slip/built-in.o
  CC      drivers/net/usb/asix_devices.o
  CC      drivers/mmc/core/bus.o
  CC      net/ipv4/tcp.o
  CC      drivers/misc/qcom/qdsp6v2/ultrasound/q6usm.o
  CC      drivers/net/ppp/ppp_async.o
  CC      drivers/mmc/core/host.o
  LD      drivers/misc/ti-st/built-in.o
  CC      drivers/misc/qseecom.o
  CC      drivers/net/usb/asix_common.o
  CC      drivers/media/platform/msm/camera_v2/isp/msm_isp44.o
  CC      drivers/mmc/core/mmc.o
  LD      drivers/misc/qcom/qdsp6v2/ultrasound/built-in.o
  LD      drivers/misc/qcom/qdsp6v2/built-in.o
  LD      drivers/misc/qcom/built-in.o
  CC      drivers/misc/hdcp.o
  CC      drivers/net/ppp/bsd_comp.o
  CC      drivers/net/usb/ax88172a.o
  CC      drivers/mmc/core/mmc_ops.o
  CC      drivers/net/ppp/ppp_deflate.o
  CC      drivers/misc/compat_qseecom.o
  CC      drivers/net/usb/ax88179_178a.o
  CC      drivers/net/ppp/ppp_mppe.o
  CC      drivers/media/platform/msm/camera_v2/isp/msm_isp40.o
  CC      drivers/mmc/core/sd.o
  CC      net/ipv4/tcp_input.o
  CC      net/ipv4/tcp_output.o
  CC      drivers/net/ppp/ppp_synctty.o
  CC      drivers/misc/uid_cputime.o
  CC      drivers/net/usb/cdc_ether.o
  CC      drivers/mmc/core/sd_ops.o
  CC      drivers/misc/type-c-pericom.o
  CC      drivers/net/ppp/pppox.o
  CC      drivers/misc/fastchg.o
  CC      drivers/mmc/core/sdio.o
  CC      drivers/media/platform/msm/camera_v2/isp/msm_isp.o
  CC      drivers/net/usb/net1080.o
  CC      drivers/net/ppp/pppoe.o
  CC      drivers/net/ppp/pppolac.o
  LD      drivers/misc/built-in.o
  CC      drivers/nfc/nq-nci.o
  LD      drivers/media/platform/msm/camera_v2/isp/built-in.o
  CC      drivers/mmc/core/sdio_ops.o
  CC      drivers/media/platform/msm/camera_v2/ispif/msm_ispif.o
  CC      drivers/net/usb/cdc_subset.o
  CC      net/ipv4/tcp_timer.o
  CC      drivers/net/ppp/pppopns.o
  CC      drivers/mmc/core/sdio_bus.o
  CC      net/ipv4/tcp_ipv4.o
  CC      drivers/net/usb/zaurus.o
  LD      drivers/nfc/built-in.o
  CC      drivers/of/base.o
  LD      drivers/net/ppp/built-in.o
  LD      drivers/net/wireless/ath/built-in.o
  LD      drivers/net/wireless/ath/wil6210/built-in.o
  CC [M]  drivers/net/wireless/ath/wil6210/main.o
  CC      net/ipv4/tcp_minisocks.o
  CC      drivers/mmc/core/sdio_cis.o
  CC      drivers/net/usb/usbnet.o
  LD      drivers/media/platform/msm/camera_v2/ispif/built-in.o
  CC      drivers/media/platform/msm/camera_v2/jpeg_10/msm_jpeg_dev.o
  CC      drivers/media/platform/msm/camera_v2/jpeg_10/msm_jpeg_sync.o
  CC      drivers/mmc/core/sdio_io.o
  CC      drivers/of/device.o
  CC      drivers/media/platform/msm/camera_v2/jpeg_10/msm_jpeg_core.o
  CC [M]  drivers/net/wireless/ath/wil6210/netdev.o
  CC      drivers/mmc/core/sdio_irq.o
  CC      net/ipv4/tcp_cong.o
  CC      net/ipv4/tcp_metrics.o
  CC      drivers/media/platform/msm/camera_v2/jpeg_10/msm_jpeg_hw.o
  CC [M]  drivers/net/wireless/ath/wil6210/cfg80211.o
  CC      drivers/of/platform.o
  CC      drivers/mmc/core/quirks.o
  CC      drivers/net/usb/cdc_ncm.o
  CC      drivers/media/platform/msm/camera_v2/jpeg_10/msm_jpeg_platform.o
  CC      net/ipv4/tcp_fastopen.o
  CC      drivers/mmc/core/slot-gpio.o
  CC      net/ipv4/tcp_offload.o
  CC      drivers/of/fdt.o
  LD      drivers/media/platform/msm/camera_v2/jpeg_10/built-in.o
  CC      drivers/media/platform/msm/camera_v2/msm_buf_mgr/msm_generic_buf_mgr.o
  CC [M]  drivers/net/wireless/ath/wil6210/pcie_bus.o
  LD      drivers/net/usb/asix.o
  CC      drivers/mmc/host/sdhci.o
  CC      drivers/mmc/core/debugfs.o
  CC      net/ipv4/datagram.o
  LD      drivers/media/platform/msm/camera_v2/msm_buf_mgr/built-in.o
  CC      drivers/of/fdt_address.o
  CC      drivers/media/platform/msm/camera_v2/msm_vb2/msm_vb2.o
  LD      drivers/net/usb/built-in.o
  CC      drivers/net/tun.o
  CC      net/ipv4/raw.o
  CC [M]  drivers/net/wireless/ath/wil6210/debugfs.o
  LD      drivers/mmc/core/mmc_core.o
  LD      drivers/mmc/core/built-in.o
  CC [M]  drivers/net/wireless/ath/wil6210/wmi.o
  CC      drivers/of/address.o
  LD      drivers/media/platform/msm/camera_v2/msm_vb2/built-in.o
  CC      net/ipv4/udp.o
  CC      drivers/media/platform/msm/camera_v2/pproc/cpp/msm_cpp_soc.o
  CC [M]  drivers/net/wireless/ath/wil6210/interrupt.o
  CC      drivers/of/irq.o
  CC      drivers/media/platform/msm/camera_v2/pproc/cpp/msm_cpp.o
  CC      net/ipv4/udplite.o
  CC [M]  drivers/net/wireless/ath/wil6210/txrx.o
  CC      drivers/net/veth.o
  CC      drivers/mmc/host/sdhci-pltfm.o
  CC      drivers/of/of_net.o
  CC [M]  drivers/net/wireless/ath/wil6210/debug.o
  CC      net/ipv4/udp_offload.o
  CC      drivers/mmc/host/sdhci-msm.o
  CC      drivers/mmc/host/sdhci-msm-ice.o
  CC [M]  drivers/net/wireless/ath/wil6210/rx_reorder.o
  CC      drivers/of/of_mdio.o
  CC      drivers/mmc/host/cmdq_hci.o
  CC [M]  drivers/net/wireless/ath/wil6210/ioctl.o
  CC [M]  drivers/net/wireless/ath/wil6210/fw.o
  CC      net/ipv4/arp.o
  CC      net/ipv4/icmp.o
  CC      drivers/of/of_pci.o
  CC [M]  drivers/net/wireless/ath/wil6210/pm.o
  LD      drivers/media/platform/msm/camera_v2/pproc/cpp/built-in.o
  LD      drivers/media/platform/msm/camera_v2/pproc/built-in.o
  CC      drivers/media/platform/msm/camera_v2/sensor/actuator/msm_actuator.o
  CC [M]  drivers/net/wireless/ath/wil6210/pmc.o
  CC [M]  drivers/net/wireless/ath/wil6210/trace.o
  CC      drivers/of/of_pci_irq.o
  CC      drivers/of/of_spmi.o
  LD      drivers/mmc/host/built-in.o
  LD      drivers/mmc/built-in.o
  CC      drivers/pci/access.o
  CC [M]  drivers/net/wireless/ath/wil6210/wil_platform.o
  CC      drivers/of/of_reserved_mem.o
  CC      net/ipv4/devinet.o
  CC      drivers/of/of_slimbus.o
  CC      net/ipv4/af_inet.o
  LD      drivers/media/platform/msm/camera_v2/sensor/actuator/built-in.o
  CC      drivers/media/platform/msm/camera_v2/sensor/cci/msm_cci.o
  CC      drivers/of/of_batterydata.o
  CC [M]  drivers/net/wireless/ath/wil6210/ethtool.o
  CC      drivers/pci/bus.o
  CC      drivers/pci/probe.o
  LD      drivers/of/built-in.o
  CC      drivers/phy/phy-core.o
  CC      drivers/phy/phy-qcom-ufs.o
  CC [M]  drivers/net/wireless/ath/wil6210/wil_crash_dump.o
  CC      drivers/pci/host-bridge.o
  CC [M]  drivers/net/wireless/ath/wil6210/p2p.o
  CC      drivers/phy/phy-qcom-ufs-qmp-20nm.o
  CC      drivers/phy/phy-qcom-ufs-qmp-14nm.o
  CC      drivers/pci/remove.o
  LD      drivers/media/platform/msm/camera_v2/sensor/cci/built-in.o
  CC      drivers/media/platform/msm/camera_v2/sensor/csid/msm_csid.o
  CC      drivers/phy/phy-qcom-ufs-qmp-v3.o
  CC      drivers/pci/pci.o
  CC      net/ipv4/igmp.o
  CC      drivers/phy/phy-qcom-ufs-qrbtc-v2.o
  CC      net/ipv4/fib_frontend.o
  LD [M]  drivers/net/wireless/ath/wil6210/wil6210.o
  CC      drivers/net/wireless/cnss/cnss_pci.o
  CC      drivers/pci/pci-driver.o
  CC      drivers/pci/search.o
  LD      drivers/phy/built-in.o
  CC      drivers/pinctrl/core.o
  LD      drivers/media/platform/msm/camera_v2/sensor/csid/built-in.o
  CC      drivers/media/platform/msm/camera_v2/sensor/csiphy/msm_csiphy.o
  CC      drivers/pci/pci-sysfs.o
  CC      drivers/pci/rom.o
  CC      net/ipv4/fib_semantics.o
  LD      drivers/media/platform/msm/camera_v2/sensor/csiphy/built-in.o
  CC      drivers/pinctrl/pinctrl-utils.o
  CC      drivers/media/platform/msm/camera_v2/sensor/eeprom/msm_eeprom.o
  CC      drivers/pci/setup-res.o
  CC      drivers/pci/irq.o
  CC      net/ipv4/fib_trie.o
  CC      drivers/pci/vpd.o
  CC      drivers/pinctrl/pinmux.o
  CC      drivers/pinctrl/pinconf.o
  CC      drivers/pci/setup-bus.o
  CC      drivers/net/wireless/cnss/cnss_sdio.o
  CC      net/ipv4/inet_fragment.o
  CC      net/ipv4/ping.o
  CC      drivers/pinctrl/devicetree.o
  LD      drivers/media/platform/msm/camera_v2/sensor/eeprom/built-in.o
  CC      drivers/media/platform/msm/camera_v2/sensor/flash/msm_flash.o
  CC      drivers/media/platform/msm/camera_v2/sensor/io/msm_camera_cci_i2c.o
  CC      drivers/pinctrl/pinconf-generic.o
  CC      drivers/pci/vc.o
  CC      drivers/net/wireless/cnss/cnss_common.o
  CC      net/ipv4/ip_tunnel_core.o
  CC      drivers/media/platform/msm/camera_v2/sensor/io/msm_camera_qup_i2c.o
  LD      drivers/media/platform/msm/camera_v2/sensor/flash/built-in.o
  LD      drivers/pinctrl/freescale/built-in.o
  CC      drivers/media/platform/msm/camera_v2/sensor/ir_cut/msm_ir_cut.o
  CC      drivers/pinctrl/qcom/pinctrl-msm.o
  CC      net/ipv4/gre_offload.o
  CC      drivers/pci/proc.o
  CC      net/ipv4/ip_tunnel.o
  CC      drivers/media/platform/msm/camera_v2/sensor/io/msm_camera_spi.o
  LD      drivers/media/platform/msm/camera_v2/sensor/ir_cut/built-in.o
  CC      drivers/media/platform/msm/camera_v2/sensor/ir_led/msm_ir_led.o
  CC      drivers/pci/slot.o
  CC      drivers/media/platform/msm/camera_v2/sensor/io/msm_camera_dt_util.o
  LD      drivers/net/wireless/cnss/built-in.o
  CC      drivers/net/wireless/cnss_crypto/cnss_secif.o
  CC      drivers/net/wireless/cnss_prealloc/cnss_prealloc.o
  CC      drivers/pinctrl/qcom/pinctrl-msm8937.o
  CC      net/ipv4/sysctl_net_ipv4.o
  LD      drivers/pinctrl/qcom/built-in.o
  LD      drivers/pinctrl/built-in.o
  CC      drivers/platform/msm/ipa/ipa_clients/odu_bridge.o
  LD      drivers/net/wireless/cnss_crypto/built-in.o
  LD      drivers/media/platform/msm/camera_v2/sensor/ir_led/built-in.o
  CC      drivers/net/wireless/wcnss/wcnss_wlan.o
  CC      drivers/media/platform/msm/camera_v2/sensor/ois/msm_ois.o
  CC      drivers/pci/quirks.o
  LD      drivers/net/wireless/cnss_prealloc/built-in.o
  CC      drivers/pci/msi.o
  CC      net/ipv4/sysfs_net_ipv4.o
  CC      net/ipv4/proc.o
  LD      drivers/media/platform/msm/camera_v2/sensor/io/built-in.o
  CC      drivers/media/platform/msm/camera_v2/sensor/msm_sensor_init.o
  LD      drivers/media/platform/msm/camera_v2/sensor/ois/built-in.o
  CC      drivers/media/platform/msm/camera_v2/sensor/msm_sensor_driver.o
  CC      net/ipv4/fib_rules.o
  CC      drivers/media/platform/msm/camera_v2/sensor/msm_sensor.o
  CC      drivers/pci/setup-irq.o
  CC      net/ipv4/udp_tunnel.o
  CC      drivers/pci/pci-label.o
  CC      drivers/pci/syscall.o
  CC      drivers/platform/msm/ipa/ipa_clients/ipa_mhi_client.o
  CC      drivers/net/wireless/wcnss/wcnss_vreg.o
  CC      drivers/pci/of.o
  CC      drivers/power/power_supply_core.o
  CC      drivers/pci/host/pci-msm.o
  LD      drivers/media/platform/msm/camera_v2/sensor/built-in.o
  CC      net/ipv4/ah4.o
  CC      drivers/media/platform/msm/camera_v2/msm.o
  CC      net/ipv6/af_inet6.o
  CC      net/ipv4/esp4.o
  LD      drivers/net/wireless/wcnss/wcnsscore.o
  LD      drivers/net/wireless/wcnss/built-in.o
  LD      drivers/net/wireless/built-in.o
  LD      drivers/net/built-in.o
  CC      drivers/pwm/core.o
  CC      drivers/power/power_supply_sysfs.o
  CC      net/ipv4/ipcomp.o
  CC      net/ipv4/xfrm4_tunnel.o
  CC      drivers/power/power_supply_leds.o
  CC      drivers/platform/msm/ipa/ipa_clients/ipa_uc_offload.o
  CC      drivers/pwm/sysfs.o
  CC      drivers/power/qpnp-fg.o
  CC      net/ipv6/anycast.o
  LD      drivers/media/platform/msm/camera_v2/built-in.o
  CC      net/ipv4/xfrm4_mode_beet.o
  LD      drivers/media/platform/msm/sde/built-in.o
  CC      drivers/media/platform/msm/vidc/msm_v4l2_vidc.o
  CC      net/ipv4/tunnel4.o
  CC      drivers/pwm/pwm-qpnp.o
  CC      net/ipv6/ip6_output.o
  LD      drivers/platform/msm/ipa/ipa_clients/built-in.o
  CC      drivers/platform/msm/ipa/ipa_v2/ipa.o
  CC      net/ipv6/ip6_input.o
  CC      drivers/media/platform/msm/vidc/msm_vidc_common.o
  CC      net/ipv4/xfrm4_mode_transport.o
In file included from drivers/platform/msm/ipa/ipa_v2/ipa.c:41:0:
drivers/platform/msm/ipa/ipa_v2/ipa_trace.h:136:0: warning: "TRACE_INCLUDE_PATH" redefined
 #define TRACE_INCLUDE_PATH ../../drivers/platform/msm/ipa/ipa_v2
 ^
drivers/platform/msm/ipa/ipa_v2/ipa_trace.h:134:0: note: this is the location of the previous definition
 #define TRACE_INCLUDE_PATH .
 ^
In file included from include/trace/define_trace.h:83:0,
                 from drivers/platform/msm/ipa/ipa_v2/ipa_trace.h:137,
                 from drivers/platform/msm/ipa/ipa_v2/ipa.c:41:
include/trace/../../drivers/platform/msm/ipa/ipa_v2/ipa_trace.h:136:0: warning: "TRACE_INCLUDE_PATH" redefined
 #define TRACE_INCLUDE_PATH ../../drivers/platform/msm/ipa/ipa_v2
 ^
include/trace/../../drivers/platform/msm/ipa/ipa_v2/ipa_trace.h:134:0: note: this is the location of the previous definition
 #define TRACE_INCLUDE_PATH .
 ^
In file included from include/trace/ftrace.h:106:0,
                 from include/trace/define_trace.h:90,
                 from drivers/platform/msm/ipa/ipa_v2/ipa_trace.h:137,
                 from drivers/platform/msm/ipa/ipa_v2/ipa.c:41:
include/trace/../../drivers/platform/msm/ipa/ipa_v2/ipa_trace.h:136:0: warning: "TRACE_INCLUDE_PATH" redefined
 #define TRACE_INCLUDE_PATH ../../drivers/platform/msm/ipa/ipa_v2
 ^
include/trace/../../drivers/platform/msm/ipa/ipa_v2/ipa_trace.h:134:0: note: this is the location of the previous definition
 #define TRACE_INCLUDE_PATH .
 ^
In file included from include/trace/ftrace.h:168:0,
                 from include/trace/define_trace.h:90,
                 from drivers/platform/msm/ipa/ipa_v2/ipa_trace.h:137,
                 from drivers/platform/msm/ipa/ipa_v2/ipa.c:41:
include/trace/../../drivers/platform/msm/ipa/ipa_v2/ipa_trace.h:136:0: warning: "TRACE_INCLUDE_PATH" redefined
 #define TRACE_INCLUDE_PATH ../../drivers/platform/msm/ipa/ipa_v2
 ^
include/trace/../../drivers/platform/msm/ipa/ipa_v2/ipa_trace.h:134:0: note: this is the location of the previous definition
 #define TRACE_INCLUDE_PATH .
 ^
In file included from include/trace/ftrace.h:327:0,
                 from include/trace/define_trace.h:90,
                 from drivers/platform/msm/ipa/ipa_v2/ipa_trace.h:137,
                 from drivers/platform/msm/ipa/ipa_v2/ipa.c:41:
include/trace/../../drivers/platform/msm/ipa/ipa_v2/ipa_trace.h:136:0: warning: "TRACE_INCLUDE_PATH" redefined
 #define TRACE_INCLUDE_PATH ../../drivers/platform/msm/ipa/ipa_v2
 ^
include/trace/../../drivers/platform/msm/ipa/ipa_v2/ipa_trace.h:134:0: note: this is the location of the previous definition
 #define TRACE_INCLUDE_PATH .
 ^
In file included from include/trace/ftrace.h:399:0,
                 from include/trace/define_trace.h:90,
                 from drivers/platform/msm/ipa/ipa_v2/ipa_trace.h:137,
                 from drivers/platform/msm/ipa/ipa_v2/ipa.c:41:
include/trace/../../drivers/platform/msm/ipa/ipa_v2/ipa_trace.h:136:0: warning: "TRACE_INCLUDE_PATH" redefined
 #define TRACE_INCLUDE_PATH ../../drivers/platform/msm/ipa/ipa_v2
 ^
include/trace/../../drivers/platform/msm/ipa/ipa_v2/ipa_trace.h:134:0: note: this is the location of the previous definition
 #define TRACE_INCLUDE_PATH .
 ^
In file included from include/trace/ftrace.h:479:0,
                 from include/trace/define_trace.h:90,
                 from drivers/platform/msm/ipa/ipa_v2/ipa_trace.h:137,
                 from drivers/platform/msm/ipa/ipa_v2/ipa.c:41:
include/trace/../../drivers/platform/msm/ipa/ipa_v2/ipa_trace.h:136:0: warning: "TRACE_INCLUDE_PATH" redefined
 #define TRACE_INCLUDE_PATH ../../drivers/platform/msm/ipa/ipa_v2
 ^
include/trace/../../drivers/platform/msm/ipa/ipa_v2/ipa_trace.h:134:0: note: this is the location of the previous definition
 #define TRACE_INCLUDE_PATH .
 ^
In file included from include/trace/ftrace.h:676:0,
                 from include/trace/define_trace.h:90,
                 from drivers/platform/msm/ipa/ipa_v2/ipa_trace.h:137,
                 from drivers/platform/msm/ipa/ipa_v2/ipa.c:41:
include/trace/../../drivers/platform/msm/ipa/ipa_v2/ipa_trace.h:136:0: warning: "TRACE_INCLUDE_PATH" redefined
 #define TRACE_INCLUDE_PATH ../../drivers/platform/msm/ipa/ipa_v2
 ^
include/trace/../../drivers/platform/msm/ipa/ipa_v2/ipa_trace.h:134:0: note: this is the location of the previous definition
 #define TRACE_INCLUDE_PATH .
 ^
In file included from include/trace/ftrace.h:739:0,
                 from include/trace/define_trace.h:90,
                 from drivers/platform/msm/ipa/ipa_v2/ipa_trace.h:137,
                 from drivers/platform/msm/ipa/ipa_v2/ipa.c:41:
include/trace/../../drivers/platform/msm/ipa/ipa_v2/ipa_trace.h:136:0: warning: "TRACE_INCLUDE_PATH" redefined
 #define TRACE_INCLUDE_PATH ../../drivers/platform/msm/ipa/ipa_v2
 ^
include/trace/../../drivers/platform/msm/ipa/ipa_v2/ipa_trace.h:134:0: note: this is the location of the previous definition
 #define TRACE_INCLUDE_PATH .
 ^
In file included from include/trace/ftrace.h:829:0,
                 from include/trace/define_trace.h:90,
                 from drivers/platform/msm/ipa/ipa_v2/ipa_trace.h:137,
                 from drivers/platform/msm/ipa/ipa_v2/ipa.c:41:
include/trace/../../drivers/platform/msm/ipa/ipa_v2/ipa_trace.h:136:0: warning: "TRACE_INCLUDE_PATH" redefined
 #define TRACE_INCLUDE_PATH ../../drivers/platform/msm/ipa/ipa_v2
 ^
include/trace/../../drivers/platform/msm/ipa/ipa_v2/ipa_trace.h:134:0: note: this is the location of the previous definition
 #define TRACE_INCLUDE_PATH .
 ^
  LD      drivers/pwm/built-in.o
  CC      drivers/ras/ras.o
  CC      net/ipv4/xfrm4_mode_tunnel.o
  CC      net/ipv4/ipconfig.o
  CC      net/ipv4/netfilter.o
  CC      drivers/ras/debugfs.o
  CC      drivers/media/platform/msm/vidc/msm_vidc.o
  LD      drivers/ras/built-in.o
  CC      drivers/regulator/core.o
  CC      net/ipv6/addrconf.o
  CC      net/ipv4/netfilter/nf_conntrack_l3proto_ipv4_compat.o
  CC      drivers/power/qpnp-smbcharger.o
  CC      net/ipv4/netfilter/nf_conntrack_l3proto_ipv4.o
  CC      drivers/platform/msm/ipa/ipa_v2/ipa_debugfs.o
  CC      drivers/media/platform/msm/vidc/msm_vdec.o
  CC      net/ipv4/netfilter/nf_conntrack_proto_icmp.o
  LD      drivers/pci/host/built-in.o
  LD      drivers/pci/built-in.o
  CC      drivers/rtc/rtc-lib.o
  CC      drivers/media/platform/msm/vidc/msm_venc.o
  CC      drivers/platform/msm/ipa/ipa_v2/ipa_hdr.o
  CC      drivers/regulator/dummy.o
  CC      net/ipv4/netfilter/nf_nat_l3proto_ipv4.o
  CC      drivers/rtc/hctosys.o
  CC      drivers/regulator/fixed-helper.o
  CC      drivers/rtc/systohc.o
  CC      drivers/regulator/helpers.o
  CC      net/ipv6/addrlabel.o
  CC      drivers/rtc/class.o
  CC      net/ipv4/netfilter/nf_nat_proto_icmp.o
  CC      drivers/platform/msm/ipa/ipa_v2/ipa_flt.o
  CC      drivers/media/platform/msm/vidc/msm_smem.o
  CC      net/ipv6/route.o
  CC      drivers/regulator/devres.o
  CC      drivers/rtc/interface.o
  CC      net/ipv4/netfilter/nf_defrag_ipv4.o
  CC      drivers/regulator/of_regulator.o
  CC      drivers/rtc/rtc-dev.o
  CC      net/ipv6/ip6_fib.o
  CC      drivers/platform/msm/ipa/ipa_v2/ipa_rt.o
  CC      drivers/power/pmic-voter.o
  CC      net/ipv4/netfilter/nf_log_ipv4.o
  CC      drivers/regulator/fixed.o
  CC      drivers/power/battery_current_limit.o
  CC      drivers/rtc/rtc-proc.o
  CC      drivers/media/platform/msm/vidc/msm_vidc_debug.o
  CC      drivers/regulator/mem-acc-regulator.o
  CC      drivers/rtc/rtc-sysfs.o
  CC      net/ipv4/netfilter/nf_reject_ipv4.o
  CC      drivers/platform/msm/ipa/ipa_v2/ipa_dp.o
  CC      drivers/rtc/qpnp-rtc.o
  CC      net/ipv6/ipv6_sockglue.o
  CC      net/ipv6/ndisc.o
In file included from drivers/platform/msm/ipa/ipa_v2/ipa_dp.c:19:0:
drivers/platform/msm/ipa/ipa_v2/ipa_trace.h:136:0: warning: "TRACE_INCLUDE_PATH" redefined
 #define TRACE_INCLUDE_PATH ../../drivers/platform/msm/ipa/ipa_v2
 ^
drivers/platform/msm/ipa/ipa_v2/ipa_trace.h:134:0: note: this is the location of the previous definition
 #define TRACE_INCLUDE_PATH .
 ^
  CC      drivers/regulator/fan53555.o
  CC      drivers/media/platform/msm/vidc/msm_vidc_res_parse.o
  LD      drivers/rtc/rtc-core.o
  LD      drivers/rtc/built-in.o
  CC      drivers/scsi/scsi.o
  CC      drivers/power/msm_bcl.o
  CC      drivers/regulator/rpm-smd-regulator.o
  CC      net/ipv4/netfilter/nf_nat_h323.o
  CC      drivers/power/bcl_peripheral.o
  CC      net/ipv6/udp.o
  CC      net/ipv4/netfilter/nf_nat_pptp.o
  CC      net/ipv6/udplite.o
  CC      drivers/regulator/qpnp-regulator.o
  CC      drivers/scsi/hosts.o
  CC      drivers/platform/msm/ipa/ipa_v2/ipa_client.o
  CC      net/ipv6/raw.o
  CC      drivers/media/platform/msm/vidc/venus_hfi.o
  CC      net/ipv4/netfilter/nf_nat_masquerade_ipv4.o
  CC      drivers/power/qcom/msm-pm.o
  CC      drivers/scsi/scsi_ioctl.o
  CC      net/ipv4/netfilter/nf_nat_proto_gre.o
  CC      drivers/platform/msm/ipa/ipa_v2/ipa_utils.o
  CC      drivers/regulator/spm-regulator.o
  CC      drivers/power/qcom/pm-data.o
  CC      drivers/power/qcom/lpm-stats.o
  CC      drivers/scsi/constants.o
  CC      net/ipv6/icmp.o
  CC      drivers/power/qcom/pm-boot.o
  CC      drivers/regulator/cpr-regulator.o
  CC      net/ipv4/netfilter/ip_tables.o
  CC      drivers/power/qcom/apm.o
  CC      net/ipv4/netfilter/iptable_filter.o
  CC      drivers/scsi/scsicam.o
  CC      drivers/scsi/scsi_error.o
  LD      drivers/power/qcom/built-in.o
  CC      drivers/power/reset/msm-poweroff.o
  CC      net/ipv6/mcast.o
  CC      drivers/scsi/scsi_lib.o
  LD      drivers/power/reset/built-in.o
  LD      drivers/power/power_supply.o
  LD      drivers/power/built-in.o
  CC      net/ipv4/netfilter/iptable_mangle.o
  CC      drivers/sensors/sensors_ssc.o
  CC      drivers/media/platform/msm/vidc/hfi_response_handler.o
  LD      drivers/sensors/built-in.o
  CC      drivers/slimbus/slimbus.o
  CC      drivers/platform/msm/ipa/ipa_v2/ipa_nat.o
  CC      net/ipv4/netfilter/iptable_nat.o
  CC      drivers/scsi/scsi_lib_dma.o
  CC      net/ipv4/netfilter/iptable_raw.o
  CC      drivers/scsi/scsi_scan.o
  CC      drivers/scsi/scsi_sysfs.o
  CC      net/ipv6/reassembly.o
  CC      drivers/platform/msm/ipa/ipa_v2/ipa_intf.o
  CC      drivers/regulator/cpr3-regulator.o
  CC      net/ipv4/netfilter/iptable_security.o
  CC      drivers/media/platform/msm/vidc/hfi_packetization.o
  CC      drivers/platform/msm/ipa/ipa_v2/teth_bridge.o
  CC      drivers/slimbus/slim-msm.o
  CC      net/ipv4/netfilter/ipt_ah.o
  CC      drivers/scsi/scsi_devinfo.o
  CC      drivers/scsi/scsi_sysctl.o
  CC      net/ipv6/tcp_ipv6.o
  CC      net/ipv4/netfilter/ipt_rpfilter.o
  CC      drivers/scsi/scsi_proc.o
  CC      drivers/platform/msm/ipa/ipa_v2/ipa_interrupts.o
  CC      drivers/media/platform/msm/vidc/vidc_hfi.o
  CC      drivers/scsi/scsi_trace.o
  CC      drivers/slimbus/slim-msm-ngd.o
  CC      drivers/scsi/scsi_pm.o
  CC      net/ipv4/netfilter/ipt_MASQUERADE.o
  CC      drivers/platform/msm/ipa/ipa_v2/ipa_uc.o
  CC      drivers/media/platform/msm/vidc/venus_boot.o
  CC      drivers/scsi/ufs/ufs-qcom.o
  CC      net/ipv6/ping.o
  CC      net/ipv4/netfilter/ipt_NATTYPE.o
  CC      drivers/scsi/sd.o
  CC      drivers/regulator/cpr3-util.o
  CC      drivers/media/platform/msm/vidc/msm_vidc_dcvs.o
  CC      drivers/platform/msm/ipa/ipa_v2/ipa_uc_wdi.o
  LD      drivers/slimbus/built-in.o
  CC      drivers/soc/qcom/inrush-current-mitigation.o
  CC      net/ipv4/netfilter/ipt_REJECT.o
  CC      drivers/scsi/ufs/ufs-qcom-ice.o
  AS      drivers/soc/qcom/idle-v8.o
  CC      net/ipv6/exthdrs.o
  CC      drivers/soc/qcom/cpu_ops.o
  CC      drivers/regulator/cpr3-hmss-regulator.o
  CC      drivers/media/platform/msm/vidc/governors/msm_vidc_dyn_gov.o
  CC      drivers/soc/qcom/msm_rq_stats.o
  CC      net/ipv4/netfilter/arp_tables.o
  CC      drivers/platform/msm/ipa/ipa_v2/ipa_dma.o
  CC      drivers/scsi/ufs/ufshcd.o
  CC      drivers/soc/qcom/cpuss_dump.o
  CC      drivers/soc/qcom/memory_dump_v2.o
  CC      drivers/soc/qcom/ddr-health.o
  CC      drivers/regulator/cpr3-mmss-regulator.o
  CC      drivers/media/platform/msm/vidc/governors/msm_vidc_table_gov.o
  CC      drivers/platform/msm/ipa/ipa_v2/ipa_uc_mhi.o
  CC      net/ipv6/datagram.o
  CC      drivers/soc/qcom/watchdog_v2.o
  CC      drivers/soc/qcom/common_log.o
  LD      drivers/media/platform/msm/vidc/governors/built-in.o
  CC      net/ipv4/netfilter/arpt_mangle.o
  CC      drivers/media/platform/msm/vidc/vmem/vmem.o
  CC      drivers/platform/msm/ipa/ipa_v2/ipa_mhi.o
  CC      drivers/regulator/qpnp-labibb-regulator.o
  CC      drivers/soc/qcom/cpu_pwr_ctl.o
  CC      drivers/soc/qcom/socinfo.o
  CC      drivers/soc/qcom/boot_stats.o
  CC      net/ipv4/netfilter/arptable_filter.o
  CC      drivers/platform/msm/ipa/ipa_v2/ipa_uc_ntn.o
  CC      net/ipv6/ip6_flowlabel.o
  CC      drivers/media/platform/msm/vidc/vmem/vmem_debugfs.o
  CC      drivers/soc/qcom/rpm-smd.o
  CC      drivers/soc/qcom/event_timer.o
  LD      drivers/media/platform/msm/vidc/vmem/built-in.o
  LD      drivers/media/platform/msm/vidc/built-in.o
  LD      net/ipv4/netfilter/nf_conntrack_ipv4.o
  LD      net/ipv4/netfilter/nf_nat_ipv4.o
  LD      drivers/media/platform/msm/built-in.o
  LD      net/ipv4/netfilter/built-in.o
  CC      net/ipv4/inet_diag.o
  LD      drivers/media/platform/built-in.o
  CC      drivers/platform/msm/ipa/ipa_v2/rmnet_ipa.o
  CC      drivers/regulator/stub-regulator.o
  CC      drivers/media/radio/radio-iris.o
  CC      drivers/soc/qcom/rpm-smd-debug.o
In file included from drivers/platform/msm/ipa/ipa_v2/rmnet_ipa.c:38:0:
drivers/platform/msm/ipa/ipa_v2/ipa_trace.h:136:0: warning: "TRACE_INCLUDE_PATH" redefined
 #define TRACE_INCLUDE_PATH ../../drivers/platform/msm/ipa/ipa_v2
 ^
drivers/platform/msm/ipa/ipa_v2/ipa_trace.h:134:0: note: this is the location of the previous definition
 #define TRACE_INCLUDE_PATH .
 ^
  CC      net/ipv6/inet6_connection_sock.o
  CC      drivers/soc/qcom/spm.o
  CC      drivers/regulator/kryo-regulator.o
  CC      drivers/soc/qcom/spm_devices.o
  CC      drivers/soc/qcom/scm.o
  LD      drivers/regulator/built-in.o
  CC      net/ipv4/tcp_diag.o
  CC      drivers/soundwire/soundwire.o
  CC      drivers/platform/msm/ipa/ipa_v2/ipa_qmi_service_v01.o
  CC      drivers/scsi/ufs/ufs_quirks.o
  CC      net/ipv6/sysctl_net_ipv6.o
  CC      drivers/platform/msm/ipa/ipa_v2/ipa_qmi_service.o
  CC      net/ipv4/tcp_cubic.o
  CC      drivers/soc/qcom/scm-boot.o
  CC      drivers/media/radio/radio-iris-transport.o
  CC      drivers/scsi/ufs/ufshcd-pltfrm.o
  CC      drivers/soundwire/swr-wcd-ctrl.o
  CC      net/ipv6/xfrm6_policy.o
  CC      drivers/media/radio/silabs/radio-silabs.o
  CC      drivers/soc/qcom/mpm-of.o
  CC      drivers/soc/qcom/smem.o
  CC      net/ipv4/tcp_westwood.o
  CC      drivers/scsi/ufs/ufs-debugfs.o
  CC      drivers/platform/msm/ipa/ipa_v2/rmnet_ipa_fd_ioctl.o
  CC      net/ipv6/xfrm6_state.o
  CC      net/ipv4/xfrm4_policy.o
  LD      drivers/platform/msm/ipa/ipa_v2/ipat.o
  LD      drivers/platform/msm/ipa/ipa_v2/built-in.o
  CC      drivers/platform/msm/ipa/ipa_api.o
  LD      drivers/soundwire/built-in.o
  CC      drivers/spi/spi.o
  CC      drivers/soc/qcom/smem_debug.o
  CC      drivers/scsi/ufs/ufs-qcom-debugfs.o
  CC      drivers/soc/qcom/smd.o
  CC      net/ipv6/xfrm6_input.o
  CC      drivers/soc/qcom/smd_debug.o
  LD      drivers/media/radio/silabs/built-in.o
  LD      drivers/media/radio/built-in.o
  LD      drivers/media/rc/keymaps/built-in.o
  LD      drivers/media/rc/built-in.o
  CC      net/ipv4/xfrm4_state.o
  CC      drivers/media/tuners/tuner-xc2028.o
  CC [M]  drivers/scsi/ufs/ufs_test.o
  CC      drivers/soc/qcom/smd_private.o
  CC      drivers/soc/qcom/smd_init_dt.o
  CC      net/ipv4/xfrm4_input.o
  CC      net/ipv6/xfrm6_output.o
  CC      drivers/platform/msm/ipa/ipa_rm.o
  CC      drivers/spi/spi-qup.o
  CC      drivers/soc/qcom/smsm_debug.o
  CC      drivers/soc/qcom/glink.o
  CC      drivers/media/tuners/tuner-simple.o
  LD      drivers/scsi/ufs/built-in.o
  CC      drivers/scsi/sg.o
  CC      net/ipv4/xfrm4_output.o
  CC      net/ipv6/xfrm6_protocol.o
  CC      drivers/spi/spi_qsd.o
  CC      drivers/soc/qcom/glink_debugfs.o
  CC      drivers/media/tuners/tuner-types.o
  CC      drivers/soc/qcom/glink_ssr.o
  CC      drivers/platform/msm/ipa/ipa_rm_dependency_graph.o
  CC      net/ipv4/xfrm4_protocol.o
  CC      net/ipv6/netfilter.o
  CC      drivers/media/tuners/mt20xx.o
  CC      drivers/platform/msm/ipa/ipa_rm_peers_list.o
  CC      drivers/scsi/ch.o
  CC [M]  drivers/spi/spidev.o
  LD      drivers/spi/built-in.o
  CC      drivers/soc/qcom/glink_loopback_server.o
  CC      drivers/platform/msm/ipa/ipa_rm_resource.o
  CC [M]  net/ipv4/tcp_bic.o
  CC      net/ipv6/fib6_rules.o
  LD      drivers/scsi/scsi_mod.o
  CC      drivers/media/tuners/tda8290.o
  CC      drivers/media/tuners/tea5767.o
  LD      drivers/scsi/sd_mod.o
  LD      drivers/scsi/built-in.o
  CC      drivers/staging/staging.o
  CC      drivers/soc/qcom/glink_smd_xprt.o
  CC      drivers/staging/android/ion/ion.o
  CC      drivers/platform/msm/ipa/ipa_rm_inactivity_timer.o
  CC      net/ipv6/proc.o
  CC [M]  net/ipv4/tcp_htcp.o
  CC      drivers/media/tuners/tea5761.o
  CC      drivers/soc/qcom/glink_smem_native_xprt.o
  LD      drivers/platform/msm/ipa/ipa_common
  CC      drivers/media/tuners/tda9887.o
  LD      drivers/platform/msm/ipa/built-in.o
  CC      drivers/platform/msm/msm_11ad/msm_11ad.o
  CC      net/ipv6/ah6.o
  LD      net/ipv4/built-in.o
  CC      drivers/soc/qcom/smem_log.o
  CC      net/key/af_key.o
  CC      drivers/media/tuners/tda827x.o
  CC      drivers/staging/android/ion/ion_heap.o
  CC      drivers/media/tuners/tda18271-maps.o
  CC      drivers/soc/qcom/smp2p.o
  CC      drivers/soc/qcom/smp2p_debug.o
  CC      net/ipv6/esp6.o
  LD      drivers/platform/msm/msm_11ad/msm_11ad_proxy.o
  LD      drivers/platform/msm/msm_11ad/built-in.o
  CC      drivers/platform/msm/msm_bus/msm_bus_core.o
  CC      drivers/platform/msm/msm_bus/msm_bus_client_api.o
  CC      drivers/media/tuners/tda18271-common.o
  CC      drivers/staging/android/ion/ion_page_pool.o
  CC      drivers/soc/qcom/smp2p_sleepstate.o
  CC      drivers/platform/msm/msm_bus/msm_bus_of.o
  CC      drivers/soc/qcom/smp2p_loopback.o
  CC      drivers/platform/msm/msm_bus/msm_bus_rpm_smd.o
  CC      drivers/staging/android/ion/ion_system_heap.o
  CC      net/ipv6/ipcomp6.o
  CC      drivers/media/tuners/tda18271-fe.o
  CC      drivers/staging/android/ion/ion_carveout_heap.o
  CC      drivers/platform/msm/msm_bus/msm_bus_fabric_adhoc.o
  LD      net/key/built-in.o
  CC      drivers/soc/qcom/smp2p_test.o
  CC      drivers/soc/qcom/smp2p_spinlock_test.o
  CC      drivers/staging/android/ion/ion_chunk_heap.o
  CC      net/ipv6/xfrm6_tunnel.o
  CC      drivers/platform/msm/msm_bus/msm_bus_arb_adhoc.o
  CC      drivers/staging/android/ion/ion_system_secure_heap.o
  CC      drivers/staging/android/ion/ion_cma_heap.o
  CC      drivers/soc/qcom/qmi_interface.o
  CC      drivers/media/tuners/xc5000.o
  CC      drivers/platform/msm/msm_bus/msm_bus_rules.o
  CC      drivers/soc/qcom/ipc_router_smd_xprt.o
  CC      drivers/staging/android/ion/ion_cma_secure_heap.o
  CC      drivers/staging/android/ion/compat_ion.o
  CC      drivers/platform/msm/msm_bus/msm_bus_bimc_adhoc.o
  CC      net/ipv6/tunnel6.o
  CC      drivers/soc/qcom/memshare/heap_mem_ext_v01.o
  CC      drivers/staging/android/ion/msm/msm_ion.o
  CC      drivers/platform/msm/msm_bus/msm_bus_noc_adhoc.o
  CC      drivers/soc/qcom/memshare/msm_memshare.o
  CC      net/ipv6/xfrm6_mode_transport.o
  CC      drivers/media/tuners/xc4000.o
  CC      drivers/soc/qcom/qdsp6v2/apr.o
  CC      drivers/platform/msm/msm_bus/msm_bus_of_adhoc.o
  CC      drivers/platform/msm/msm_bus/msm_bandwidth_monitor.o
  CC      net/ipv6/xfrm6_mode_tunnel.o
  CC      net/ipv6/xfrm6_mode_beet.o
  LD      drivers/soc/qcom/memshare/built-in.o
  CC      drivers/soc/qcom/rpm_rbcpr_stats_v2.o
  CC      drivers/staging/android/ion/msm/compat_msm_ion.o
  CC      drivers/platform/msm/msm_bus/msm_bus_dbg.o
  CC      net/ipv6/mip6.o
  CC      drivers/soc/qcom/qdsp6v2/apr_v2.o
  CC      drivers/soc/qcom/cpaccess64.o
  LD      drivers/staging/android/ion/msm/built-in.o
  LD      drivers/staging/android/ion/built-in.o
  CC      drivers/staging/android/binder.o
  CC      drivers/staging/android/binder_alloc.o
  CC      net/ipv6/netfilter/ip6_tables.o
  CC      drivers/media/tuners/mc44s803.o
  CC      drivers/soc/qcom/qdsp6v2/apr_tal.o
  CC      drivers/soc/qcom/rpm_stats.o
  CC      net/ipv6/sit.o
  CC      drivers/staging/android/ashmem.o
  CC      drivers/soc/qcom/qdsp6v2/voice_svc.o
  LD      drivers/media/tuners/tda18271.o
  LD      drivers/media/tuners/built-in.o
  LD      drivers/media/usb/b2c2/built-in.o
  LD      drivers/media/usb/dvb-usb/built-in.o
  LD      drivers/media/usb/dvb-usb-v2/built-in.o
  LD      drivers/media/usb/s2255/built-in.o
  LD      drivers/media/usb/siano/built-in.o
  LD      drivers/media/usb/stkwebcam/built-in.o
  CC      drivers/soc/qcom/rpm_master_stat.o
  LD      drivers/media/usb/ttusb-budget/built-in.o
  LD      drivers/media/usb/ttusb-dec/built-in.o
  LD      drivers/media/usb/zr364xx/built-in.o
  LD      drivers/media/usb/built-in.o
  CC      drivers/media/v4l2-core/v4l2-dev.o
  CC      drivers/staging/android/timed_output.o
  CC      drivers/soc/qcom/qdsp6v2/msm_audio_ion.o
  LD      drivers/platform/msm/msm_bus/built-in.o
  CC      drivers/soc/qcom/rpm_rail_stats.o
  CC      drivers/platform/msm/spmi/spmi.o
  CC      drivers/staging/android/timed_gpio.o
  CC      net/ipv6/netfilter/ip6table_filter.o
  CC      drivers/soc/qcom/system_stats.o
  CC      net/ipv6/addrconf_core.o
  CC      drivers/media/v4l2-core/v4l2-ioctl.o
  CC      drivers/media/v4l2-core/v4l2-device.o
  CC      drivers/platform/msm/spmi/spmi-resources.o
  CC      drivers/soc/qcom/perf_event_l2.o
  CC      drivers/soc/qcom/qdsp6v2/adsp-loader.o
  CC      net/ipv6/netfilter/ip6table_mangle.o
  CC      drivers/platform/msm/spmi/spmi-pmic-arb.o
  LD      drivers/soc/qcom/qdsp6v2/built-in.o
  CC      drivers/soc/qcom/rpm_log.o
  CC      drivers/soc/qcom/peripheral-loader.o
  CC      drivers/media/v4l2-core/v4l2-fh.o
  CC      net/ipv6/exthdrs_core.o
  CC      net/ipv6/netfilter/ip6table_raw.o
  CC      drivers/soc/qcom/subsys-pil-tz.o
  CC      drivers/staging/android/lowmemorykiller.o
  CC      drivers/media/v4l2-core/v4l2-event.o
  CC      drivers/platform/msm/spmi/qpnp-int.o
  CC      net/ipv6/netfilter/nf_conntrack_l3proto_ipv6.o
  CC      net/ipv6/ip6_checksum.o
  CC      drivers/soc/qcom/pil-q6v5.o
  CC      drivers/media/v4l2-core/v4l2-ctrls.o
  CC      drivers/soc/qcom/pil-msa.o
  CC      drivers/soc/qcom/pil-q6v5-mss.o
  CC      drivers/staging/android/sync.o
  CC      drivers/platform/msm/spmi/spmi-dbgfs.o
  CC      net/ipv6/netfilter/nf_conntrack_proto_icmpv6.o
  CC      drivers/soc/qcom/msm_performance.o
  CC      drivers/soc/qcom/subsystem_notif.o
  CC      drivers/soc/qcom/subsystem_restart.o
  LD      drivers/platform/msm/spmi/built-in.o
  CC      drivers/platform/msm/sps/bam.o
  CC      net/ipv6/ip6_icmp.o
  CC      net/ipv6/netfilter/nf_defrag_ipv6_hooks.o
  CC      drivers/soc/qcom/ramdump.o
  CC      drivers/staging/android/sw_sync.o
  CC      net/ipv6/output_core.o
  CC      net/ipv6/protocol.o
  CC      net/ipv6/netfilter/nf_conntrack_reasm.o
  CC      drivers/media/v4l2-core/v4l2-subdev.o
  CC      net/ipv6/netfilter/nf_log_ipv6.o
  CC      drivers/staging/android/oneshot_sync.o
  CC      drivers/soc/qcom/sysmon.o
  CC      drivers/media/v4l2-core/v4l2-clk.o
  LD      drivers/staging/android/built-in.o
  CC      net/ipv6/netfilter/nf_reject_ipv6.o
  LD      drivers/staging/media/built-in.o
  CC      drivers/media/v4l2-core/v4l2-async.o
  LD      drivers/staging/prima/built-in.o
  CC [M]  drivers/staging/prima/CORE/BAP/src/bapApiData.o
  CC      net/ipv6/netfilter/ip6t_rpfilter.o
  CC      net/ipv6/ip6_offload.o
  CC      drivers/soc/qcom/sysmon-qmi.o
  CC      drivers/media/v4l2-core/v4l2-compat-ioctl32.o
  CC [M]  drivers/staging/prima/CORE/BAP/src/bapApiDebug.o
  CC      net/ipv6/netfilter/ip6t_REJECT.o
  CC      drivers/media/v4l2-core/v4l2-of.o
  CC      drivers/soc/qcom/secure_buffer.o
  CC      net/ipv6/tcpv6_offload.o
  CC [M]  drivers/staging/prima/CORE/BAP/src/bapApiExt.o
  CC [M]  drivers/staging/prima/CORE/BAP/src/bapApiHCBB.o
  CC      drivers/media/v4l2-core/v4l2-common.o
  LD      net/ipv6/netfilter/nf_conntrack_ipv6.o
  LD      net/ipv6/netfilter/nf_defrag_ipv6.o
  LD      net/ipv6/netfilter/built-in.o
  CC      net/ipv6/udp_offload.o
  CC      drivers/soc/qcom/bam_dmux.o
  CC      net/ipv6/exthdrs_offload.o
  CC      net/ipv6/inet6_hashtables.o
  CC [M]  drivers/staging/prima/CORE/BAP/src/bapApiInfo.o
  CC      net/ipv6/ip6_udp_tunnel.o
  LD      net/ipv6/ipv6.o
  CC      drivers/media/v4l2-core/v4l2-dv-timings.o
  CC      drivers/media/media-device.o
  CC      drivers/media/media-devnode.o
  CC [M]  drivers/staging/prima/CORE/BAP/src/bapApiLinkCntl.o
  CC      drivers/media/media-entity.o
  CC      drivers/media/v4l2-core/videobuf-core.o
  CC      drivers/media/v4l2-core/videobuf2-core.o
  CC      drivers/media/v4l2-core/videobuf2-memops.o
  LD      net/ipv6/built-in.o
  CC      net/l2tp/l2tp_core.o
  CC [M]  drivers/staging/prima/CORE/BAP/src/bapApiLinkSupervision.o
  LD      drivers/media/media.o
  CC      drivers/soc/qcom/scm-xpu.o
  CC      drivers/media/v4l2-core/videobuf2-vmalloc.o
  CC [M]  drivers/staging/prima/CORE/BAP/src/bapApiStatus.o
  CC [M]  drivers/staging/prima/CORE/BAP/src/bapApiTimer.o
  LD      drivers/media/v4l2-core/videodev.o
  CC      drivers/soc/qcom/kernel_protect.o
  CC      drivers/platform/msm/sps/sps_bam.o
  CC [M]  drivers/staging/prima/CORE/BAP/src/bapModule.o
  CC [M]  drivers/staging/prima/CORE/BAP/src/bapRsn8021xAuthFsm.o
  CC [M]  drivers/staging/prima/CORE/BAP/src/bapRsn8021xPrf.o
  CC [M]  drivers/staging/prima/CORE/BAP/src/bapRsn8021xSuppRsnFsm.o
  LD      drivers/soc/qcom/built-in.o
  LD      drivers/media/v4l2-core/built-in.o
  CC      net/l2tp/l2tp_ppp.o
  LD      drivers/media/built-in.o
  CC [M]  drivers/staging/prima/CORE/BAP/src/bapRsnAsfPacket.o
  LD      drivers/soc/built-in.o
  CC [M]  drivers/staging/prima/CORE/BAP/src/bapRsnSsmAesKeyWrap.o
  CC      drivers/switch/switch_class.o
  CC      drivers/thermal/thermal_core.o
  CC [M]  drivers/staging/prima/CORE/BAP/src/bapRsnSsmReplayCtr.o
  CC [M]  drivers/staging/prima/CORE/BAP/src/bapRsnSsmEapol.o
  CC [M]  drivers/staging/prima/CORE/BAP/src/bapRsnTxRx.o
  LD      drivers/switch/built-in.o
  CC      drivers/tty/tty_io.o
  CC [M]  drivers/staging/prima/CORE/BAP/src/btampFsm.o
  CC [M]  drivers/staging/prima/CORE/BAP/src/btampHCI.o
  CC [M]  drivers/staging/prima/CORE/DXE/src/wlan_qct_dxe.o
  CC      net/l2tp/l2tp_ip.o
  CC      drivers/platform/msm/sps/sps.o
  CC      drivers/platform/msm/sps/sps_dma.o
  CC      drivers/platform/msm/sps/sps_map.o
  CC [M]  drivers/staging/prima/CORE/DXE/src/wlan_qct_dxe_cfg_i.o
  CC      drivers/platform/msm/sps/sps_mem.o
  CC [M]  drivers/staging/prima/CORE/HDD/src/bap_hdd_main.o
  CC [M]  drivers/staging/prima/CORE/HDD/src/wlan_hdd_assoc.o
  CC      net/l2tp/l2tp_netlink.o
  CC      drivers/platform/msm/sps/sps_rm.o
  CC      drivers/thermal/thermal_hwmon.o
  CC      drivers/tty/n_tty.o
  CC [M]  drivers/staging/prima/CORE/HDD/src/wlan_hdd_cfg.o
  CC      drivers/thermal/of-thermal.o
  CC      drivers/tty/tty_ioctl.o
  CC [M]  drivers/staging/prima/CORE/HDD/src/wlan_hdd_debugfs.o
  CC      drivers/thermal/step_wise.o
  CC      net/l2tp/l2tp_eth.o
  CC      drivers/tty/tty_ldisc.o
  LD      drivers/thermal/samsung/built-in.o
  CC      drivers/thermal/msm-tsens.o
  CC      drivers/tty/tty_buffer.o
  CC [M]  drivers/staging/prima/CORE/HDD/src/wlan_hdd_dev_pwr.o
  CC [M]  drivers/staging/prima/CORE/HDD/src/wlan_hdd_dp_utils.o
  CC      net/l2tp/l2tp_debugfs.o
  CC [M]  drivers/staging/prima/CORE/HDD/src/wlan_hdd_early_suspend.o
  CC      drivers/tty/tty_port.o
  CC [M]  drivers/staging/prima/CORE/HDD/src/wlan_hdd_ftm.o
  CC [M]  drivers/staging/prima/CORE/HDD/src/wlan_hdd_hostapd.o
  LD      drivers/platform/msm/sps/built-in.o
  CC      drivers/platform/msm/qpnp-power-on.o
  CC      net/l2tp/l2tp_ip6.o
  CC [M]  drivers/staging/prima/CORE/HDD/src/wlan_hdd_main.o
  CC      drivers/tty/tty_mutex.o
  CC      drivers/tty/tty_ldsem.o
  LD      net/l2tp/built-in.o
  CC      net/llc/llc_core.o
  CC [M]  drivers/staging/prima/CORE/HDD/src/wlan_hdd_mib.o
  CC      drivers/platform/msm/qpnp-revid.o
  CC      drivers/tty/pty.o
  CC      drivers/thermal/qpnp-temp-alarm.o
  CC      drivers/platform/msm/qpnp-coincell.o
  CC      drivers/platform/msm/qpnp-haptic.o
  CC      drivers/platform/msm/usb_bam.o
  CC      net/llc/llc_input.o
  CC [M]  drivers/staging/prima/CORE/HDD/src/wlan_hdd_oemdata.o
  CC      drivers/tty/tty_audit.o
  CC      drivers/platform/msm/avtimer.o
  CC      drivers/thermal/qpnp-adc-tm.o
  CC      drivers/tty/sysrq.o
  CC      net/llc/llc_output.o
  CC [M]  drivers/staging/prima/CORE/HDD/src/wlan_hdd_scan.o
  CC [M]  drivers/staging/prima/CORE/HDD/src/wlan_hdd_softap_tx_rx.o
  CC [M]  drivers/staging/prima/CORE/HDD/src/wlan_hdd_tx_rx.o
  LD      drivers/tty/ipwireless/built-in.o
  CC      drivers/tty/serial/serial_core.o
  LD      net/llc/llc.o
  LD      net/llc/built-in.o
  CC      net/netfilter/core.o
  CC      drivers/thermal/msm_thermal.o
  CC      net/netfilter/nf_log.o
  CC [M]  drivers/staging/prima/CORE/HDD/src/wlan_hdd_trace.o
  CC      net/netfilter/nf_queue.o
  CC      drivers/tty/serial/msm_serial_hs.o
  CC [M]  drivers/staging/prima/CORE/HDD/src/wlan_hdd_wext.o
  CC [M]  drivers/staging/prima/CORE/HDD/src/wlan_hdd_wmm.o
  CC      net/netfilter/nf_sockopt.o
  CC [M]  drivers/staging/prima/CORE/HDD/src/wlan_hdd_wowl.o
  LD      drivers/platform/msm/built-in.o
  LD      drivers/platform/built-in.o
  CC      drivers/thermal/msm_thermal-dev.o
  CC      drivers/uio/uio.o
  CC      net/netfilter/nfnetlink.o
  CC      drivers/uio/msm_sharedmem/msm_sharedmem.o
  CC      drivers/thermal/lmh_interface.o
  CC      drivers/thermal/lmh_lite.o
  CC      drivers/tty/serial/msm_smd_tty.o
  CC      drivers/uio/msm_sharedmem/remote_filesystem_access_v01.o
  CC      drivers/uio/msm_sharedmem/sharedmem_qmi.o
  LD      drivers/thermal/thermal_sys.o
  LD      drivers/tty/vt/built-in.o
  CC      net/netlink/af_netlink.o
  CC      net/netfilter/nfnetlink_queue_core.o
  CC      net/netfilter/nfnetlink_log.o
  LD      drivers/uio/msm_sharedmem/built-in.o
  LD      drivers/uio/built-in.o
  LD      drivers/tty/serial/built-in.o
  CC      drivers/usb/class/cdc-acm.o
  CC      drivers/usb/common/common.o
  LD      drivers/tty/built-in.o
  LD      drivers/video/backlight/built-in.o
  CC [M]  drivers/video/backlight/lcd.o
  LD      drivers/thermal/built-in.o
  CC [M]  drivers/video/backlight/backlight.o
  CC [M]  drivers/staging/prima/CORE/HDD/src/wlan_hdd_cfg80211.o
  LD      drivers/usb/common/usb-common.o
  LD      drivers/usb/common/built-in.o
  CC      drivers/usb/core/usb.o
  CC      drivers/usb/core/hub.o
  CC [M]  drivers/video/backlight/generic_bl.o
  CC      net/netfilter/nf_conntrack_core.o
  CC      net/netlink/genetlink.o
  LD      drivers/usb/class/built-in.o
  CC      drivers/usb/dwc3/core.o
  CC      net/netfilter/nf_conntrack_standalone.o
  CC      drivers/video/fbdev/core/fb_notify.o
  CC      drivers/usb/core/hcd.o
  CC      drivers/video/fbdev/core/fb_cmdline.o
  CC      drivers/video/fbdev/core/fbmem.o
  CC      drivers/usb/dwc3/debug.o
  CC      drivers/video/fbdev/core/fbmon.o
  LD      net/netlink/built-in.o
  CC      net/packet/af_packet.o
  CC      drivers/usb/dwc3/trace.o
  CC      net/netfilter/nf_conntrack_expect.o
  CC      drivers/video/fbdev/core/fbcmap.o
  CC      drivers/usb/core/urb.o
  CC      drivers/usb/core/message.o
  CC      drivers/usb/dwc3/host.o
  CC      drivers/video/fbdev/core/fbsysfs.o
  CC      drivers/video/fbdev/core/modedb.o
  CC      drivers/usb/dwc3/gadget.o
  CC      net/netfilter/nf_conntrack_helper.o
  CC      drivers/usb/core/driver.o
  CC      drivers/video/fbdev/core/fbcvt.o
  CC      drivers/video/fbdev/core/cfbfillrect.o
  CC      drivers/video/fbdev/core/cfbcopyarea.o
  CC      drivers/usb/core/config.o
  LD      net/packet/built-in.o
  CC      net/rfkill/core.o
  CC      net/netfilter/nf_conntrack_proto.o
  CC      drivers/video/fbdev/core/cfbimgblt.o
  CC      drivers/usb/core/file.o
  LD      drivers/video/fbdev/core/fb.o
  CC      drivers/usb/core/buffer.o
  CC      drivers/usb/core/sysfs.o
  CC      drivers/usb/core/endpoint.o
  LD      net/rfkill/rfkill.o
  LD      net/rfkill/built-in.o
  CC      drivers/usb/dwc3/ep0.o
  CC      net/rmnet_data/rmnet_data_main.o
  LD      drivers/video/fbdev/core/built-in.o
  CC      drivers/usb/core/devio.o
  CC      drivers/video/fbdev/msm/../../msm/mdss/mdss_mdp.o
  CC      drivers/video/fbdev/msm/../../msm/mdss/mdss_mdp_ctl.o
  CC      net/netfilter/nf_conntrack_l3proto_generic.o
  CC [M]  drivers/staging/prima/CORE/HDD/src/wlan_hdd_p2p.o
  CC      drivers/video/fbdev/msm/../../msm/mdss/mdss_mdp_pipe.o
  CC      drivers/usb/dwc3/debugfs.o
  CC      net/rmnet_data/rmnet_data_config.o
  CC      net/netfilter/nf_conntrack_proto_generic.o
  CC      drivers/usb/dwc3/dwc3-pci.o
  CC      drivers/usb/core/notify.o
  CC [M]  drivers/staging/prima/CORE/HDD/src/wlan_hdd_tdls.o
  CC      net/netfilter/nf_conntrack_proto_tcp.o
  CC      drivers/usb/dwc3/dwc3-msm.o
  CC      net/rmnet_data/rmnet_data_vnd.o
  CC      drivers/usb/core/generic.o
  CC      drivers/usb/core/quirks.o
  CC      drivers/usb/core/devices.o
  CC      drivers/usb/core/port.o
  CC      net/rmnet_data/rmnet_data_handlers.o
  CC      drivers/video/fbdev/msm/../../msm/mdss/mdss_mdp_util.o
  CC      drivers/usb/core/hcd-pci.o
  CC      net/netfilter/nf_conntrack_proto_udp.o
  CC      drivers/video/fbdev/msm/../../msm/mdss/dsi_status_6g.o
  CC [M]  drivers/staging/prima/CORE/MAC/src/cfg/cfgApi.o
  CC      drivers/video/fbdev/msm/../../msm/mdss/mdss_mdp_pp.o
  CC      net/rmnet_data/rmnet_map_data.o
  CC      drivers/video/fbdev/msm/../../msm/mdss/mdss_mdp_pp_debug.o
  CC      drivers/usb/dwc3/dbm.o
  LD      drivers/usb/core/usbcore.o
  LD      drivers/usb/dwc3/dwc3.o
  CC      drivers/video/fbdev/msm/../../msm/mdss/mdss_mdp_pp_cache_config.o
  LD      drivers/usb/core/built-in.o
  CC      drivers/video/fbdev/msm/../../msm/mdss/mdss_mdp_intf_video.o
  CC      net/netfilter/nf_conntrack_extend.o
  CC [M]  drivers/staging/prima/CORE/MAC/src/cfg/cfgDebug.o
  CC      net/rmnet_data/rmnet_map_command.o
  LD      drivers/usb/dwc3/built-in.o
  CC      drivers/usb/gadget/usbstring.o
  CC      drivers/usb/gadget/config.o
  CC [M]  drivers/staging/prima/CORE/MAC/src/cfg/cfgParamName.o
  CC      net/rmnet_data/rmnet_data_stats.o
  CC      drivers/usb/gadget/epautoconf.o
  CC      drivers/video/fbdev/msm/../../msm/mdss/mdss_mdp_intf_cmd.o
  CC      net/netfilter/nf_conntrack_acct.o
  CC      drivers/usb/gadget/composite.o
  CC [M]  drivers/staging/prima/CORE/MAC/src/cfg/cfgProcMsg.o
  CC      drivers/video/fbdev/msm/../../msm/mdss/mdss_mdp_intf_writeback.o
  LD      net/rmnet_data/rmnet_data.o
  LD      net/rmnet_data/built-in.o
  CC      net/sched/sch_generic.o
  CC      net/sched/sch_mq.o
  CC [M]  drivers/staging/prima/CORE/MAC/src/cfg/cfgSendMsg.o
  CC      drivers/video/fbdev/msm/../../msm/mdss/mdss_rotator.o
  CC      net/netfilter/nf_conntrack_seqadj.o
  CC      net/sched/sch_api.o
  CC      net/sched/sch_blackhole.o
  CC [M]  drivers/staging/prima/CORE/MAC/src/dph/dphHashTable.o
  CC      drivers/video/fbdev/msm/../../msm/mdss/mdss_mdp_overlay.o
  CC      drivers/usb/gadget/functions.o
  CC      drivers/video/fbdev/msm/../../msm/mdss/mdss_mdp_layer.o
  CC      net/sched/cls_api.o
  CC      drivers/usb/gadget/u_f.o
  CC      net/netfilter/nf_conntrack_ecache.o
  CC [M]  drivers/staging/prima/CORE/MAC/src/pe/lim/limAIDmgmt.o
  CC      drivers/usb/gadget/debug.o
  CC      drivers/video/fbdev/msm/../../msm/mdss/mdss_mdp_splash_logo.o
  CC [M]  drivers/staging/prima/CORE/MAC/src/pe/lim/limAdmitControl.o
  CC      drivers/usb/gadget/function/f_acm.o
  CC      net/sched/act_api.o
  CC      net/sched/sch_fifo.o
  CC      net/netfilter/nf_conntrack_proto_dccp.o
  CC      drivers/video/fbdev/msm/../../msm/mdss/mdss_mdp_cdm.o
  CC      drivers/usb/gadget/function/u_serial.o
  CC [M]  drivers/staging/prima/CORE/MAC/src/pe/lim/limApi.o
  CC      drivers/video/fbdev/msm/../../msm/mdss/mdss_smmu.o
  CC      drivers/video/fbdev/msm/../../msm/mdss/mdss_mdp_wfd.o
  CC      net/netfilter/nf_conntrack_proto_gre.o
  CC      net/sched/sch_htb.o
  CC      drivers/video/fbdev/msm/../../msm/mdss/mdss_mdp_pp_v1_7.o
  CC      net/sched/sch_prio.o
  CC      drivers/video/fbdev/msm/../../msm/mdss/mdss_mdp_pp_v3.o
  CC      drivers/usb/gadget/function/f_serial.o
  CC      drivers/usb/gadget/function/f_ncm.o
  CC [M]  drivers/staging/prima/CORE/MAC/src/pe/lim/limAssocUtils.o
  CC      net/sched/cls_u32.o
  CC      net/netfilter/nf_conntrack_proto_sctp.o
  CC      net/sched/cls_fw.o
  CC      drivers/video/fbdev/msm/../../msm/mdss/mdss_mdp_pp_common.o
  CC      drivers/usb/gadget/function/f_ecm.o
  CC      drivers/video/fbdev/msm/../../msm/msm_dba/msm_dba.o
  CC      drivers/usb/gadget/function/f_mass_storage.o
  CC      drivers/video/fbdev/msm/../../msm/mdss/mdss_mdp_debug.o
  CC      net/netfilter/nf_conntrack_proto_udplite.o
  CC      drivers/video/fbdev/msm/../../msm/mdss/mdss_debug.o
  CC      net/sched/cls_flow.o
  CC      drivers/video/fbdev/msm/../../msm/msm_dba/msm_dba_init.o
  CC      drivers/usb/gadget/function/storage_common.o
  CC      drivers/video/fbdev/msm/../../msm/mdss/mdss_debug_xlog.o
  CC      drivers/video/fbdev/msm/../../msm/msm_dba/msm_dba_helpers.o
  CC      net/netfilter/nf_conntrack_netlink.o
  CC [M]  drivers/staging/prima/CORE/MAC/src/pe/lim/limDebug.o
  CC      net/sched/ematch.o
  CC      drivers/video/fbdev/msm/../../msm/msm_dba/msm_dba_debug.o
  CC [M]  drivers/staging/prima/CORE/MAC/src/pe/lim/limFT.o
  CC [M]  drivers/staging/prima/CORE/MAC/src/pe/lim/limIbssPeerMgmt.o
  CC      drivers/video/fbdev/msm/../../msm/mdss/mdss_dsi.o
  CC      drivers/video/fbdev/msm/../../msm/mdss/mdss_dsi_host.o
  CC      drivers/video/fbdev/msm/../../msm/msm_dba/adv7533.o
  CC      drivers/usb/gadget/function/f_fs.o
  CC      net/sched/em_cmp.o
  CC [M]  drivers/staging/prima/CORE/MAC/src/pe/lim/limLinkMonitoringAlgo.o
  CC      net/netfilter/nf_conntrack_amanda.o
  CC [M]  drivers/staging/prima/CORE/MAC/src/pe/lim/limLogDump.o
  LD      drivers/video/fbdev/msm/../../msm/msm_dba/built-in.o
  CC [M]  drivers/staging/prima/CORE/MAC/src/pe/lim/limP2P.o
  CC      net/sched/em_nbyte.o
  CC      drivers/video/fbdev/msm/../../msm/mdss/mdss_dsi_cmd.o
  CC [M]  drivers/staging/prima/CORE/MAC/src/pe/lim/limProcessActionFrame.o
  CC      net/sched/em_u32.o
  CC      net/netfilter/nf_conntrack_ftp.o
  CC      drivers/video/fbdev/msm/../../msm/mdss/mdss_dsi_status.o
  CC [M]  drivers/staging/prima/CORE/MAC/src/pe/lim/limProcessAssocReqFrame.o
  CC      net/sched/em_meta.o
  CC      drivers/usb/gadget/function/f_uac1.o
  CC      drivers/video/fbdev/msm/../../msm/mdss/mdss_dsi_panel.o
  CC [M]  drivers/staging/prima/CORE/MAC/src/pe/lim/limProcessAssocRspFrame.o
  CC      drivers/video/fbdev/msm/../../msm/mdss/msm_mdss_io_8974.o
  CC [M]  drivers/staging/prima/CORE/MAC/src/pe/lim/limProcessAuthFrame.o
  CC [M]  drivers/staging/prima/CORE/MAC/src/pe/lim/limProcessBeaconFrame.o
  CC      net/sched/em_text.o
  CC [M]  drivers/staging/prima/CORE/MAC/src/pe/lim/limProcessCfgUpdates.o
  CC      drivers/usb/gadget/function/u_uac1.o
  CC      net/netfilter/nf_conntrack_h323_main.o
  LD      net/sched/built-in.o
  CC      net/unix/af_unix.o
  CC      drivers/video/fbdev/msm/../../msm/mdss/mdss_dsi_phy.o
  CC [M]  drivers/staging/prima/CORE/MAC/src/pe/lim/limProcessDeauthFrame.o
  CC [M]  drivers/staging/prima/CORE/MAC/src/pe/lim/limProcessDisassocFrame.o
  CC      drivers/video/fbdev/msm/../../msm/mdss/mdss_dsi_clk.o
  CC      drivers/usb/gadget/function/f_uac2.o
  CC [M]  drivers/staging/prima/CORE/MAC/src/pe/lim/limProcessLmmMessages.o
  CC      drivers/video/fbdev/msm/../../msm/mdss/mdss_panel.o
  CC [M]  drivers/staging/prima/CORE/MAC/src/pe/lim/limProcessMessageQueue.o
  CC [M]  drivers/staging/prima/CORE/MAC/src/pe/lim/limProcessMlmReqMessages.o
  CC [M]  drivers/staging/prima/CORE/MAC/src/pe/lim/limProcessMlmRspMessages.o
  CC      drivers/video/fbdev/msm/../../msm/mdss/mdss_hdmi_util.o
  CC      drivers/usb/gadget/function/f_uvc.o
  CC      net/netfilter/nf_conntrack_h323_asn1.o
  CC      net/netfilter/nf_conntrack_irc.o
  CC      drivers/video/fbdev/msm/../../msm/mdss/mdss_hdmi_edid.o
  CC      net/unix/garbage.o
  CC [M]  drivers/staging/prima/CORE/MAC/src/pe/lim/limProcessProbeReqFrame.o
  CC      drivers/usb/gadget/function/uvc_queue.o
  CC      net/unix/sysctl_net_unix.o
  CC      net/netfilter/nf_conntrack_broadcast.o
  CC [M]  drivers/staging/prima/CORE/MAC/src/pe/lim/limProcessProbeRspFrame.o
  CC [M]  drivers/staging/prima/CORE/MAC/src/pe/lim/limProcessSmeReqMessages.o
  CC      net/netfilter/nf_conntrack_netbios_ns.o
  CC      drivers/usb/gadget/function/uvc_v4l2.o
  CC [M]  drivers/staging/prima/CORE/MAC/src/pe/lim/limPropExtsUtils.o
  LD      net/unix/unix.o
  LD      net/unix/built-in.o
  CC [M]  drivers/staging/prima/CORE/MAC/src/pe/lim/limRMC.o
  CC [M]  drivers/staging/prima/CORE/MAC/src/pe/lim/limRoamingAlgo.o
  CC [M]  drivers/staging/prima/CORE/MAC/src/pe/lim/limScanResultUtils.o
  CC      drivers/usb/gadget/function/uvc_video.o
  CC      drivers/video/fbdev/msm/../../msm/mdss/mdss_cec_core.o
  CC      net/netfilter/nf_conntrack_pptp.o
  CC      net/netfilter/nf_conntrack_sane.o
  CC      drivers/usb/gadget/function/f_audio_source.o
  CC [M]  drivers/staging/prima/CORE/MAC/src/pe/lim/limSecurityUtils.o
  CC [M]  drivers/staging/prima/CORE/MAC/src/pe/lim/limSendManagementFrames.o
  CC      drivers/video/fbdev/msm/../../msm/mdss/mdss_dba_utils.o
  CC [M]  drivers/staging/prima/CORE/MAC/src/pe/lim/limSendMessages.o
  CC      net/netfilter/nf_conntrack_tftp.o
  CC      net/netfilter/nf_log_common.o
  LD      drivers/usb/gadget/function/usb_f_acm.o
  LD      drivers/usb/gadget/function/usb_f_serial.o
  LD      drivers/usb/gadget/function/usb_f_ncm.o
  LD      drivers/usb/gadget/function/usb_f_ecm.o
  LD      drivers/usb/gadget/function/usb_f_mass_storage.o
  CC      net/netfilter/nf_nat_core.o
  LD      drivers/usb/gadget/function/usb_f_fs.o
  LD      drivers/usb/gadget/function/usb_f_uac1.o
  LD      drivers/usb/gadget/function/usb_f_uac2.o
  LD      drivers/usb/gadget/function/usb_f_uvc.o
  LD      drivers/usb/gadget/function/usb_f_audio_source.o
  LD      drivers/usb/gadget/function/built-in.o
  LD      drivers/usb/gadget/legacy/built-in.o
  CC      drivers/usb/gadget/udc/udc-core.o
  CC      drivers/video/fbdev/msm/../../msm/mdss/mdss_io_util.o
  CC [M]  drivers/staging/prima/CORE/MAC/src/pe/lim/limSendSmeRspMessages.o
  CC      drivers/video/fbdev/msm/../../msm/mdss/mdss_wb.o
  CC      net/netfilter/nf_nat_proto_unknown.o
  CC      drivers/video/fbdev/msm/../../msm/mdss/mdss_fb.o
  CC      drivers/video/fbdev/msm/../../msm/mdss/mdss_util.o
  LD      drivers/usb/gadget/udc/built-in.o
  CC      drivers/usb/gadget/android.o
  CC      net/netfilter/nf_nat_proto_common.o
  CC      net/netfilter/nf_nat_proto_udp.o
  CC [M]  drivers/staging/prima/CORE/MAC/src/pe/lim/limSerDesUtils.o
  CC      net/netfilter/nf_nat_proto_tcp.o
  CC [M]  drivers/staging/prima/CORE/MAC/src/pe/lim/limSession.o
  CC      net/netfilter/nf_nat_helper.o
  CC      drivers/video/fbdev/msm/../../msm/mdss/mdss_compat_utils.o
  CC      net/netfilter/nf_nat_proto_dccp.o
  CC      net/netfilter/nf_nat_proto_udplite.o
  CC [M]  drivers/staging/prima/CORE/MAC/src/pe/lim/limSessionUtils.o
  CC      net/netfilter/nf_nat_proto_sctp.o
  CC      net/netfilter/nf_nat_amanda.o
  CC      net/netfilter/nf_nat_ftp.o
  CC      net/netfilter/nf_nat_irc.o
  CC [M]  drivers/staging/prima/CORE/MAC/src/pe/lim/limSmeReqUtils.o
  CC      net/netfilter/nf_nat_tftp.o
  CC      net/netfilter/x_tables.o
  CC      net/netfilter/xt_tcpudp.o
  CC      drivers/video/fbdev/msm/../../msm/mdss/mdss_mdp_kcal_ctrl.o
  CC      net/netfilter/xt_mark.o
  CC [M]  drivers/staging/prima/CORE/MAC/src/pe/lim/limStaHashApi.o
  CC      net/netfilter/xt_connmark.o
  LD      drivers/video/fbdev/msm/../../msm/mdss/mdss-mdp.o
  CC      net/netfilter/xt_nat.o
  LD      drivers/video/fbdev/msm/../../msm/mdss/mdss-dsi.o
  CC      drivers/usb/gadget/ci13xxx_msm.o
  CC [M]  drivers/staging/prima/CORE/MAC/src/pe/lim/limTimerUtils.o
  CC      net/wireless/core.o
  CC      net/netfilter/xt_CLASSIFY.o
  CC      net/netfilter/xt_CONNSECMARK.o
  LD      drivers/video/fbdev/msm/../../msm/mdss/built-in.o
  CC      net/netfilter/xt_CT.o
  CC      net/netfilter/xt_LOG.o
  LD      drivers/video/fbdev/msm/../../msm/built-in.o
  CC      net/netfilter/xt_NETMAP.o
  LD      drivers/video/fbdev/msm/built-in.o
  LD      drivers/video/fbdev/omap2/displays-new/built-in.o
  LD      drivers/video/fbdev/omap2/dss/built-in.o
  LD      drivers/video/fbdev/omap2/built-in.o
  LD      drivers/video/fbdev/built-in.o
  CC [M]  drivers/staging/prima/CORE/MAC/src/pe/lim/limTrace.o
  LD      drivers/video/built-in.o
  CC [M]  drivers/staging/prima/CORE/MAC/src/pe/lim/limUtils.o
  CC      net/netfilter/xt_NFLOG.o
  CC      net/netfilter/xt_NFQUEUE.o
  CC      net/netfilter/xt_REDIRECT.o
  CC [M]  drivers/staging/prima/CORE/MAC/src/pe/lim/limProcessTdls.o
  CC      net/netfilter/xt_SECMARK.o
  CC      net/wireless/sysfs.o
  LD      drivers/usb/gadget/libcomposite.o
  CC [M]  drivers/staging/prima/CORE/MAC/src/pe/pmm/pmmAP.o
  CC      net/netfilter/xt_TPROXY.o
  CC      net/netfilter/xt_TCPMSS.o
  CC      net/netfilter/xt_TEE.o
  CC [M]  drivers/staging/prima/CORE/MAC/src/pe/pmm/pmmApi.o
  CC      net/wireless/radiotap.o
  CC      net/netfilter/xt_TRACE.o
  CC      net/netfilter/xt_IDLETIMER.o
  CC      net/netfilter/xt_HARDIDLETIMER.o
  CC      net/xfrm/xfrm_policy.o
  CC [M]  drivers/staging/prima/CORE/MAC/src/pe/pmm/pmmDebug.o
  CC      net/wireless/util.o
  CC      net/netfilter/xt_comment.o
  CC [M]  drivers/staging/prima/CORE/MAC/src/pe/sch/schApi.o
  CC      net/netfilter/xt_connlimit.o
  CC [M]  drivers/staging/prima/CORE/MAC/src/pe/sch/schBeaconGen.o
  CC [M]  drivers/staging/prima/CORE/MAC/src/pe/sch/schBeaconProcess.o
  CC      net/netfilter/xt_conntrack.o
  CC [M]  drivers/staging/prima/CORE/MAC/src/pe/sch/schDebug.o
  CC      net/netfilter/xt_dscp.o
  CC [M]  drivers/staging/prima/CORE/MAC/src/pe/sch/schMessage.o
  CC      net/netfilter/xt_ecn.o
  CC [M]  drivers/staging/prima/CORE/MAC/src/pe/rrm/rrmApi.o
  CC [M]  drivers/staging/prima/CORE/SAP/src/sapApiLinkCntl.o
  CC      net/netfilter/xt_esp.o
  CC [M]  drivers/staging/prima/CORE/SAP/src/sapChSelect.o
  CC      net/netfilter/xt_hashlimit.o
  CC      net/xfrm/xfrm_state.o
  CC      net/wireless/reg.o
  CC [M]  drivers/staging/prima/CORE/SAP/src/sapFsm.o
  CC      net/xfrm/xfrm_hash.o
  CC [M]  drivers/staging/prima/CORE/SAP/src/sapModule.o
  CC      net/netfilter/xt_helper.o
  CC      net/xfrm/xfrm_input.o
  CC [M]  drivers/staging/prima/CORE/SME/src/btc/btcApi.o
  CC      net/netfilter/xt_hl.o
  CC [M]  drivers/staging/prima/CORE/SME/src/ccm/ccmApi.o
  CC      net/netfilter/xt_iprange.o
  CC      net/wireless/scan.o
  CC [M]  drivers/staging/prima/CORE/SME/src/ccm/ccmLogDump.o
  CC      net/xfrm/xfrm_output.o
  CC [M]  drivers/staging/prima/CORE/SME/src/sme_common/sme_Api.o
  CC [M]  drivers/staging/prima/CORE/SME/src/sme_common/sme_FTApi.o
  CC      net/xfrm/xfrm_sysctl.o
  CC      net/netfilter/xt_l2tp.o
  CC [M]  drivers/staging/prima/CORE/SME/src/sme_common/sme_Trace.o
  CC [M]  drivers/staging/prima/CORE/SME/src/csr/csrApiRoam.o
  CC [M]  drivers/staging/prima/CORE/SME/src/csr/csrApiScan.o
  CC      net/netfilter/xt_length.o
  CC      net/netfilter/xt_limit.o
  CC      net/xfrm/xfrm_replay.o
  CC      net/wireless/nl80211.o
  CC      net/netfilter/xt_mac.o
  CC      net/netfilter/xt_multiport.o
  CC      net/netfilter/xt_pkttype.o
  CC      net/netfilter/xt_policy.o
  CC      net/xfrm/xfrm_proc.o
  CC      net/netfilter/xt_qtaguid_print.o
  CC      net/netfilter/xt_qtaguid.o
  CC      net/xfrm/xfrm_algo.o
  CC      net/netfilter/xt_quota.o
  CC      net/netfilter/xt_quota2.o
  CC [M]  drivers/staging/prima/CORE/SME/src/csr/csrCmdProcess.o
  CC [M]  drivers/staging/prima/CORE/SME/src/csr/csrLinkList.o
  CC      net/xfrm/xfrm_user.o
  CC      net/netfilter/xt_socket.o
  CC      net/netfilter/xt_state.o
  CC      net/netfilter/xt_statistic.o
  CC      net/netfilter/xt_string.o
  CC      net/netfilter/xt_time.o
  CC      drivers/usb/host/pci-quirks.o
  CC      net/netfilter/xt_u32.o
  LD      drivers/usb/gadget/g_android.o
  LD      drivers/usb/gadget/built-in.o
  LD      net/netfilter/netfilter.o
  LD      net/netfilter/nfnetlink_queue.o
  LD      net/netfilter/nf_conntrack.o
  CC      drivers/usb/misc/ehset.o
  LD      net/netfilter/nf_conntrack_h323.o
  LD      net/netfilter/nf_nat.o
  CC      net/compat.o
  CC      net/sysctl_net.o
  LD      net/netfilter/built-in.o
  LD      drivers/usb/misc/built-in.o
  CC      net/xfrm/xfrm_ipcomp.o
  CC      drivers/usb/mon/mon_main.o
  CC      net/activity_stats.o
  CC      drivers/usb/host/xhci-pci.o
  CC [M]  drivers/staging/prima/CORE/SME/src/csr/csrLogDump.o
  CC      drivers/usb/mon/mon_stat.o
  CC      drivers/usb/mon/mon_text.o
  CC      drivers/usb/mon/mon_bin.o
  CC      drivers/usb/host/xhci-plat.o
  CC      drivers/usb/host/ehci-hcd.o
  CC [M]  drivers/staging/prima/CORE/SME/src/csr/csrNeighborRoam.o
  CC [M]  drivers/staging/prima/CORE/SME/src/csr/csrUtil.o
  CC      drivers/usb/host/ehci-pci.o
  LD      net/xfrm/built-in.o
  CC      drivers/usb/host/ehci-msm.o
  CC      drivers/usb/host/xhci.o
  LD      drivers/usb/mon/usbmon.o
  LD      drivers/usb/mon/built-in.o
  CC      drivers/usb/phy/phy.o
  CC      drivers/usb/host/xhci-mem.o
  CC      drivers/usb/host/xhci-ring.o
  CC      drivers/usb/phy/of.o
  CC      drivers/usb/phy/class-dual-role.o
  CC [M]  drivers/staging/prima/CORE/SME/src/csr/csrTdlsProcess.o
  CC [M]  drivers/staging/prima/CORE/SME/src/oemData/oemDataApi.o
  CC      drivers/usb/host/xhci-hub.o
  CC      drivers/usb/phy/phy-generic.o
  CC      drivers/usb/phy/phy-msm-usb.o
  CC      net/wireless/mlme.o
  CC [M]  drivers/staging/prima/CORE/SME/src/p2p/p2p_Api.o
  CC [M]  drivers/staging/prima/CORE/SME/src/pmc/pmcApi.o
  CC      drivers/usb/host/xhci-dbg.o
  CC      drivers/usb/host/xhci-trace.o
  CC      drivers/usb/phy/phy-msm-hsusb.o
  CC [M]  drivers/staging/prima/CORE/SME/src/pmc/pmc.o
  LD      drivers/usb/host/xhci-plat-hcd.o
  CC [M]  drivers/staging/prima/CORE/SME/src/pmc/pmcLogDump.o
  CC      drivers/usb/phy/phy-msm-ssusb-qmp.o
  CC      drivers/usb/phy/phy-msm-qusb.o
  CC [M]  drivers/staging/prima/CORE/SME/src/QoS/sme_Qos.o
  LD      drivers/usb/host/xhci-hcd.o
  LD      drivers/usb/host/built-in.o
  CC      drivers/usb/serial/usb-serial.o
  CC [M]  drivers/staging/prima/CORE/SME/src/rrm/sme_rrm.o
  CC      net/wireless/ibss.o
  CC      drivers/usb/serial/generic.o
  CC [M]  drivers/staging/prima/CORE/SME/src/nan/nan_Api.o
  CC [M]  drivers/staging/prima/CORE/SVC/src/btc/wlan_btc_svc.o
  LD      drivers/usb/phy/built-in.o
  CC      drivers/usb/storage/scsiglue.o
  CC [M]  drivers/staging/prima/CORE/SVC/src/nlink/wlan_nlink_srv.o
  CC      drivers/usb/serial/bus.o
  CC [M]  drivers/staging/prima/CORE/SVC/src/ptt/wlan_ptt_sock_svc.o
  CC      drivers/usb/storage/protocol.o
  CC [M]  drivers/staging/prima/CORE/SVC/src/logging/wlan_logging_sock_svc.o
  LD      drivers/usb/serial/usbserial.o
  LD      drivers/usb/serial/built-in.o
  CC [M]  drivers/staging/prima/CORE/SYS/common/src/wlan_qct_sys.o
  CC      drivers/usb/storage/transport.o
  CC      net/wireless/sme.o
  CC [M]  drivers/staging/prima/CORE/SYS/legacy/src/pal/src/palApiComm.o
  CC [M]  drivers/staging/prima/CORE/SYS/legacy/src/pal/src/palTimer.o
  CC      drivers/usb/storage/usb.o
  CC [M]  drivers/staging/prima/CORE/SYS/legacy/src/platform/src/VossWrapper.o
  CC [M]  drivers/staging/prima/CORE/SYS/legacy/src/system/src/macInitApi.o
  CC [M]  drivers/staging/prima/CORE/SYS/legacy/src/system/src/sysEntryFunc.o
  CC      drivers/usb/storage/initializers.o
  CC [M]  drivers/staging/prima/CORE/SYS/legacy/src/utils/src/dot11f.o
  CC [M]  drivers/staging/prima/CORE/SYS/legacy/src/utils/src/logApi.o
  CC      drivers/usb/storage/sierra_ms.o
  CC [M]  drivers/staging/prima/CORE/SYS/legacy/src/utils/src/logDump.o
  CC [M]  drivers/staging/prima/CORE/SYS/legacy/src/utils/src/macTrace.o
  CC [M]  drivers/staging/prima/CORE/SYS/legacy/src/utils/src/parserApi.o
  CC      drivers/usb/storage/option_ms.o
  CC [M]  drivers/staging/prima/CORE/SYS/legacy/src/utils/src/utilsApi.o
  CC      net/wireless/chan.o
  CC      drivers/usb/storage/usual-tables.o
  CC      drivers/usb/storage/alauda.o
  CC [M]  drivers/staging/prima/CORE/SYS/legacy/src/utils/src/utilsParser.o
  CC      drivers/usb/storage/cypress_atacb.o
  CC [M]  drivers/staging/prima/CORE/TL/src/wlan_qct_tl.o
  CC [M]  drivers/staging/prima/CORE/TL/src/wlan_qct_tl_ba.o
  CC      drivers/usb/storage/datafab.o
  CC      drivers/usb/storage/freecom.o
  CC [M]  drivers/staging/prima/CORE/TL/src/wlan_qct_tl_hosupport.o
  CC      net/wireless/ethtool.o
  CC      drivers/usb/storage/isd200.o
  CC      drivers/usb/storage/jumpshot.o
  CC [M]  drivers/staging/prima/CORE/TL/src/wlan_qct_tl_trace.o
  CC [M]  drivers/staging/prima/CORE/VOSS/src/vos_api.o
  CC      drivers/usb/storage/karma.o
  CC      net/wireless/mesh.o
  CC      drivers/usb/storage/sddr09.o
  CC [M]  drivers/staging/prima/CORE/VOSS/src/vos_event.o
  CC      net/wireless/ap.o
  CC      drivers/usb/storage/sddr55.o
  CC [M]  drivers/staging/prima/CORE/VOSS/src/vos_getBin.o
  CC      net/wireless/trace.o
  CC      drivers/usb/storage/shuttle_usbat.o
  CC [M]  drivers/staging/prima/CORE/VOSS/src/vos_list.o
  LD      drivers/usb/storage/usb-storage.o
  LD      drivers/usb/storage/ums-alauda.o
  LD      drivers/usb/storage/ums-cypress.o
  LD      drivers/usb/storage/ums-datafab.o
  LD      drivers/usb/storage/ums-freecom.o
  CC [M]  drivers/staging/prima/CORE/VOSS/src/vos_lock.o
  CC [M]  drivers/staging/prima/CORE/VOSS/src/vos_memory.o
  CC      net/wireless/wext-core.o
  CC [M]  drivers/staging/prima/CORE/VOSS/src/vos_mq.o
  CC [M]  drivers/staging/prima/CORE/VOSS/src/vos_nvitem.o
  CC [M]  drivers/staging/prima/CORE/VOSS/src/vos_packet.o
  CC [M]  drivers/staging/prima/CORE/VOSS/src/vos_sched.o
  LD      drivers/usb/storage/ums-isd200.o
  LD      drivers/usb/storage/ums-jumpshot.o
  LD      drivers/usb/storage/ums-karma.o
  LD      drivers/usb/storage/ums-sddr09.o
  LD      drivers/usb/storage/ums-sddr55.o
  LD      drivers/usb/storage/ums-usbat.o
  LD      drivers/usb/storage/built-in.o
  CC [M]  drivers/staging/prima/CORE/VOSS/src/vos_threads.o
  LD      drivers/usb/built-in.o
  CC [M]  drivers/staging/prima/CORE/VOSS/src/vos_timer.o
  CC [M]  drivers/staging/prima/CORE/VOSS/src/vos_trace.o
  CC [M]  drivers/staging/prima/CORE/VOSS/src/vos_types.o
  CC [M]  drivers/staging/prima/CORE/VOSS/src/vos_utils.o
  CC [M]  drivers/staging/prima/CORE/VOSS/src/wlan_nv_parser.o
  CC [M]  drivers/staging/prima/CORE/VOSS/src/wlan_nv_stream_read.o
  CC [M]  drivers/staging/prima/CORE/VOSS/src/wlan_nv_template_builtin.o
  CC [M]  drivers/staging/prima/CORE/VOSS/src/vos_diag.o
  CC [M]  drivers/staging/prima/CORE/WDA/src/wlan_qct_wda.o
  CC [M]  drivers/staging/prima/CORE/WDA/src/wlan_qct_wda_debug.o
  CC [M]  drivers/staging/prima/CORE/WDA/src/wlan_qct_wda_ds.o
  CC [M]  drivers/staging/prima/CORE/WDA/src/wlan_qct_wda_legacy.o
  CC [M]  drivers/staging/prima/CORE/WDA/src/wlan_nv.o
  CC [M]  drivers/staging/prima/CORE/WDI/CP/src/wlan_qct_wdi.o
  CC [M]  drivers/staging/prima/CORE/WDI/CP/src/wlan_qct_wdi_dp.o
  CC [M]  drivers/staging/prima/CORE/WDI/CP/src/wlan_qct_wdi_sta.o
  CC [M]  drivers/staging/prima/CORE/WDI/DP/src/wlan_qct_wdi_bd.o
  CC [M]  drivers/staging/prima/CORE/WDI/DP/src/wlan_qct_wdi_ds.o
  CC [M]  drivers/staging/prima/CORE/WDI/TRP/CTS/src/wlan_qct_wdi_cts.o
  CC [M]  drivers/staging/prima/CORE/WDI/TRP/DTS/src/wlan_qct_wdi_dts.o
  CC [M]  drivers/staging/prima/CORE/WDI/WPAL/src/wlan_qct_pal_api.o
  CC [M]  drivers/staging/prima/CORE/WDI/WPAL/src/wlan_qct_pal_device.o
  CC [M]  drivers/staging/prima/CORE/WDI/WPAL/src/wlan_qct_pal_msg.o
  CC [M]  drivers/staging/prima/CORE/WDI/WPAL/src/wlan_qct_pal_packet.o
  CC [M]  drivers/staging/prima/CORE/WDI/WPAL/src/wlan_qct_pal_sync.o
  CC [M]  drivers/staging/prima/CORE/WDI/WPAL/src/wlan_qct_pal_timer.o
  CC [M]  drivers/staging/prima/CORE/WDI/WPAL/src/wlan_qct_pal_trace.o
  CC      net/wireless/wext-proc.o
  CC      net/wireless/wext-spy.o
  CC      net/wireless/wext-priv.o
  CC      net/wireless/regdb.o
  LD      net/wireless/cfg80211.o
  LD      net/wireless/built-in.o
  LD      net/built-in.o
  LD [M]  drivers/staging/prima/wlan.o
  LD      drivers/staging/built-in.o
  LD      drivers/built-in.o
  LINK    vmlinux
  LD      vmlinux.o
  MODPOST vmlinux.o
  GEN     .version
  CHK     include/generated/compile.h
  UPD     include/generated/compile.h
  CC      init/version.o
  LD      init/built-in.o
  KSYM    .tmp_kallsyms1.o
  KSYM    .tmp_kallsyms2.o
  LD      vmlinux
  SORTEX  vmlinux
  SYSMAP  System.map
  OBJCOPY arch/arm64/boot/Image
  DTC     arch/arm64/boot/dts/qcom/msm8940-0061.dtb
  Building modules, stage 2.
  MODPOST 16 modules
  GZIP    arch/arm64/boot/Image.gz
  CC      block/test-iosched.mod.o
  CC      crypto/ansi_cprng.mod.o
  CC      drivers/char/rdbg.mod.o
  CC      drivers/input/evbug.mod.o
  CC      drivers/mmc/card/mmc_block_test.mod.o
  CC      drivers/mmc/card/mmc_test.mod.o
  CC      drivers/net/wireless/ath/wil6210/wil6210.mod.o
  CC      drivers/scsi/ufs/ufs_test.mod.o
  CC      drivers/spi/spidev.mod.o
  CC      drivers/staging/prima/wlan.mod.o
  CC      drivers/video/backlight/backlight.mod.o
  CC      drivers/video/backlight/generic_bl.mod.o
  CC      drivers/video/backlight/lcd.mod.o
  CC      net/bridge/br_netfilter.mod.o
  CC      net/ipv4/tcp_bic.mod.o
  CC      net/ipv4/tcp_htcp.mod.o
  LD [M]  block/test-iosched.ko
  LD [M]  crypto/ansi_cprng.ko
  LD [M]  drivers/char/rdbg.ko
  LD [M]  drivers/input/evbug.ko
  LD [M]  drivers/mmc/card/mmc_block_test.ko
  LD [M]  drivers/mmc/card/mmc_test.ko
  LD [M]  drivers/net/wireless/ath/wil6210/wil6210.ko
  LD [M]  drivers/scsi/ufs/ufs_test.ko
  LD [M]  drivers/spi/spidev.ko
  LD [M]  drivers/staging/prima/wlan.ko
  LD [M]  drivers/video/backlight/backlight.ko
  LD [M]  drivers/video/backlight/generic_bl.ko
  LD [M]  drivers/video/backlight/lcd.ko
  LD [M]  net/bridge/br_netfilter.ko
  LD [M]  net/ipv4/tcp_htcp.ko
  LD [M]  net/ipv4/tcp_bic.ko
  CAT     arch/arm64/boot/Image.gz-dtb
